Flow report for lab31119
Mon Dec 02 20:52:49 2024
Quartus II 64-Bit Version 13.0.1 Build 232 06/12/2013 Service Pack 1 SJ Full Version


---------------------
; Table of Contents ;
---------------------
  1. Legal Notice
  2. Flow Summary
  3. Flow Settings
  4. Flow Non-Default Global Settings
  5. Flow Elapsed Time
  6. Flow OS Summary
  7. Flow Log
  8. Flow Messages
  9. Flow Suppressed Messages



----------------
; Legal Notice ;
----------------
Copyright (C) 1991-2013 Altera Corporation
Your use of Altera Corporation's design tools, logic functions 
and other software and tools, and its AMPP partner logic 
functions, and any output files from any of the foregoing 
(including device programming or simulation files), and any 
associated documentation or information are expressly subject 
to the terms and conditions of the Altera Program License 
Subscription Agreement, Altera MegaCore Function License 
Agreement, or other applicable license agreement, including, 
without limitation, that your use is for the sole purpose of 
programming logic devices manufactured by Altera and sold by 
Altera or its authorized distributors.  Please refer to the 
applicable agreement for further details.



+---------------------------------------------------------------------------------------+
; Flow Summary                                                                          ;
+------------------------------------+--------------------------------------------------+
; Flow Status                        ; Successful - Mon Dec 02 20:52:45 2024            ;
; Quartus II 64-Bit Version          ; 13.0.1 Build 232 06/12/2013 SP 1 SJ Full Version ;
; Revision Name                      ; lab31119                                         ;
; Top-level Entity Name              ; lab31119                                         ;
; Family                             ; Cyclone IV E                                     ;
; Device                             ; EP4CE6E22A7                                      ;
; Timing Models                      ; Final                                            ;
; Total logic elements               ; 643 / 6,272 ( 10 % )                             ;
;     Total combinational functions  ; 620 / 6,272 ( 10 % )                             ;
;     Dedicated logic registers      ; 100 / 6,272 ( 2 % )                              ;
; Total registers                    ; 100                                              ;
; Total pins                         ; 18 / 92 ( 20 % )                                 ;
; Total virtual pins                 ; 0                                                ;
; Total memory bits                  ; 94,208 / 276,480 ( 34 % )                        ;
; Embedded Multiplier 9-bit elements ; 0 / 30 ( 0 % )                                   ;
; Total PLLs                         ; 0 / 2 ( 0 % )                                    ;
+------------------------------------+--------------------------------------------------+


+-----------------------------------------+
; Flow Settings                           ;
+-------------------+---------------------+
; Option            ; Setting             ;
+-------------------+---------------------+
; Start date & time ; 12/02/2024 20:52:30 ;
; Main task         ; Compilation         ;
; Revision Name     ; lab31119            ;
+-------------------+---------------------+


+-----------------------------------------------------------------------------------------------------------------+
; Flow Non-Default Global Settings                                                                                ;
+-------------------------------------+--------------------------------+---------------+-------------+------------+
; Assignment Name                     ; Value                          ; Default Value ; Entity Name ; Section Id ;
+-------------------------------------+--------------------------------+---------------+-------------+------------+
; COMPILER_SIGNATURE_ID               ; 88623632238264.173314395005092 ; --            ; --          ; --         ;
; IP_TOOL_NAME                        ; RAM: 1-PORT                    ; --            ; --          ; --         ;
; IP_TOOL_NAME                        ; ROM: 1-PORT                    ; --            ; --          ; --         ;
; IP_TOOL_VERSION                     ; 13.0                           ; --            ; --          ; --         ;
; IP_TOOL_VERSION                     ; 13.0                           ; --            ; --          ; --         ;
; MAX_CORE_JUNCTION_TEMP              ; 125                            ; --            ; --          ; --         ;
; MIN_CORE_JUNCTION_TEMP              ; -40                            ; --            ; --          ; --         ;
; MISC_FILE                           ; MEM.bsf                        ; --            ; --          ; --         ;
; MISC_FILE                           ; MEM.cmp                        ; --            ; --          ; --         ;
; MISC_FILE                           ; MROM.bsf                       ; --            ; --          ; --         ;
; MISC_FILE                           ; MROM.cmp                       ; --            ; --          ; --         ;
; OUTPUT_IO_TIMING_FAR_END_VMEAS      ; Half Signal Swing              ; --            ; --          ; --         ;
; OUTPUT_IO_TIMING_FAR_END_VMEAS      ; Half Signal Swing              ; --            ; --          ; --         ;
; OUTPUT_IO_TIMING_NEAR_END_VMEAS     ; Half Vccio                     ; --            ; --          ; --         ;
; OUTPUT_IO_TIMING_NEAR_END_VMEAS     ; Half Vccio                     ; --            ; --          ; --         ;
; PARTITION_COLOR                     ; 16764057                       ; --            ; --          ; Top        ;
; PARTITION_FITTER_PRESERVATION_LEVEL ; PLACEMENT_AND_ROUTING          ; --            ; --          ; Top        ;
; PARTITION_NETLIST_TYPE              ; SOURCE                         ; --            ; --          ; Top        ;
; PROJECT_OUTPUT_DIRECTORY            ; output_files                   ; --            ; --          ; --         ;
+-------------------------------------+--------------------------------+---------------+-------------+------------+


+-------------------------------------------------------------------------------------------------------------------------------+
; Flow Elapsed Time                                                                                                             ;
+---------------------------+--------------+-------------------------+---------------------+------------------------------------+
; Module Name               ; Elapsed Time ; Average Processors Used ; Peak Virtual Memory ; Total CPU Time (on all processors) ;
+---------------------------+--------------+-------------------------+---------------------+------------------------------------+
; Analysis & Synthesis      ; 00:00:04     ; 1.0                     ; 503 MB              ; 00:00:04                           ;
; Fitter                    ; 00:00:08     ; 1.8                     ; 1068 MB             ; 00:00:11                           ;
; Assembler                 ; 00:00:01     ; 1.0                     ; 414 MB              ; 00:00:01                           ;
; TimeQuest Timing Analyzer ; 00:00:04     ; 2.0                     ; 505 MB              ; 00:00:04                           ;
; Total                     ; 00:00:17     ; --                      ; --                  ; 00:00:20                           ;
+---------------------------+--------------+-------------------------+---------------------+------------------------------------+


+----------------------------------------------------------------------------------------+
; Flow OS Summary                                                                        ;
+---------------------------+------------------+-----------+------------+----------------+
; Module Name               ; Machine Hostname ; OS Name   ; OS Version ; Processor type ;
+---------------------------+------------------+-----------+------------+----------------+
; Analysis & Synthesis      ; JF117-6          ; Windows 7 ; 6.1        ; x86_64         ;
; Fitter                    ; JF117-6          ; Windows 7 ; 6.1        ; x86_64         ;
; Assembler                 ; JF117-6          ; Windows 7 ; 6.1        ; x86_64         ;
; TimeQuest Timing Analyzer ; JF117-6          ; Windows 7 ; 6.1        ; x86_64         ;
+---------------------------+------------------+-----------+------------+----------------+


------------
; Flow Log ;
------------
quartus_map --read_settings_files=on --write_settings_files=off lab31119 -c lab31119
quartus_fit --read_settings_files=off --write_settings_files=off lab31119 -c lab31119
quartus_asm --read_settings_files=off --write_settings_files=off lab31119 -c lab31119
quartus_sta lab31119 -c lab31119



