Analysis & Synthesis report for chufa
Sun Nov 24 17:25:54 2024
Quartus II 64-Bit Version 13.0.1 Build 232 06/12/2013 Service Pack 1 SJ Full Version


---------------------
; Table of Contents ;
---------------------
  1. Legal Notice
  2. Analysis & Synthesis Summary
  3. Analysis & Synthesis Settings
  4. Parallel Compilation
  5. Analysis & Synthesis Source Files Read
  6. Analysis & Synthesis Resource Usage Summary
  7. Analysis & Synthesis Resource Utilization by Entity
  8. Analysis & Synthesis IP Cores Summary
  9. General Register Statistics
 10. Parameter Settings for User Entity Instance: DIV2:inst1|lpm_divide:LPM_DIVIDE_component
 11. Elapsed Time Per Partition
 12. Analysis & Synthesis Messages



----------------
; Legal Notice ;
----------------
Copyright (C) 1991-2013 Altera Corporation
Your use of Altera Corporation's design tools, logic functions 
and other software and tools, and its AMPP partner logic 
functions, and any output files from any of the foregoing 
(including device programming or simulation files), and any 
associated documentation or information are expressly subject 
to the terms and conditions of the Altera Program License 
Subscription Agreement, Altera MegaCore Function License 
Agreement, or other applicable license agreement, including, 
without limitation, that your use is for the sole purpose of 
programming logic devices manufactured by Altera and sold by 
Altera or its authorized distributors.  Please refer to the 
applicable agreement for further details.



+---------------------------------------------------------------------------------------+
; Analysis & Synthesis Summary                                                          ;
+------------------------------------+--------------------------------------------------+
; Analysis & Synthesis Status        ; Successful - Sun Nov 24 17:25:54 2024            ;
; Quartus II 64-Bit Version          ; 13.0.1 Build 232 06/12/2013 SP 1 SJ Full Version ;
; Revision Name                      ; chufa                                            ;
; Top-level Entity Name              ; chufa                                            ;
; Family                             ; Cyclone IV E                                     ;
; Total logic elements               ; 229                                              ;
;     Total combinational functions  ; 229                                              ;
;     Dedicated logic registers      ; 0                                                ;
; Total registers                    ; 0                                                ;
; Total pins                         ; 48                                               ;
; Total virtual pins                 ; 0                                                ;
; Total memory bits                  ; 0                                                ;
; Embedded Multiplier 9-bit elements ; 0                                                ;
; Total PLLs                         ; 0                                                ;
+------------------------------------+--------------------------------------------------+


+----------------------------------------------------------------------------------------------------------------------+
; Analysis & Synthesis Settings                                                                                        ;
+----------------------------------------------------------------------------+--------------------+--------------------+
; Option                                                                     ; Setting            ; Default Value      ;
+----------------------------------------------------------------------------+--------------------+--------------------+
; Device                                                                     ; EP4CE6E22A7        ;                    ;
; Top-level entity name                                                      ; chufa              ; chufa              ;
; Family name                                                                ; Cyclone IV E       ; Cyclone IV GX      ;
; Use smart compilation                                                      ; Off                ; Off                ;
; Enable parallel Assembler and TimeQuest Timing Analyzer during compilation ; On                 ; On                 ;
; Enable compact report table                                                ; Off                ; Off                ;
; Restructure Multiplexers                                                   ; Auto               ; Auto               ;
; Create Debugging Nodes for IP Cores                                        ; Off                ; Off                ;
; Preserve fewer node names                                                  ; On                 ; On                 ;
; Disable OpenCore Plus hardware evaluation                                  ; Off                ; Off                ;
; Verilog Version                                                            ; Verilog_2001       ; Verilog_2001       ;
; VHDL Version                                                               ; VHDL_1993          ; VHDL_1993          ;
; State Machine Processing                                                   ; Auto               ; Auto               ;
; Safe State Machine                                                         ; Off                ; Off                ;
; Extract Verilog State Machines                                             ; On                 ; On                 ;
; Extract VHDL State Machines                                                ; On                 ; On                 ;
; Ignore Verilog initial constructs                                          ; Off                ; Off                ;
; Iteration limit for constant Verilog loops                                 ; 5000               ; 5000               ;
; Iteration limit for non-constant Verilog loops                             ; 250                ; 250                ;
; Add Pass-Through Logic to Inferred RAMs                                    ; On                 ; On                 ;
; Infer RAMs from Raw Logic                                                  ; On                 ; On                 ;
; Parallel Synthesis                                                         ; On                 ; On                 ;
; DSP Block Balancing                                                        ; Auto               ; Auto               ;
; NOT Gate Push-Back                                                         ; On                 ; On                 ;
; Power-Up Don't Care                                                        ; On                 ; On                 ;
; Remove Redundant Logic Cells                                               ; Off                ; Off                ;
; Remove Duplicate Registers                                                 ; On                 ; On                 ;
; Ignore CARRY Buffers                                                       ; Off                ; Off                ;
; Ignore CASCADE Buffers                                                     ; Off                ; Off                ;
; Ignore GLOBAL Buffers                                                      ; Off                ; Off                ;
; Ignore ROW GLOBAL Buffers                                                  ; Off                ; Off                ;
; Ignore LCELL Buffers                                                       ; Off                ; Off                ;
; Ignore SOFT Buffers                                                        ; On                 ; On                 ;
; Limit AHDL Integers to 32 Bits                                             ; Off                ; Off                ;
; Optimization Technique                                                     ; Balanced           ; Balanced           ;
; Carry Chain Length                                                         ; 70                 ; 70                 ;
; Auto Carry Chains                                                          ; On                 ; On                 ;
; Auto Open-Drain Pins                                                       ; On                 ; On                 ;
; Perform WYSIWYG Primitive Resynthesis                                      ; Off                ; Off                ;
; Auto ROM Replacement                                                       ; On                 ; On                 ;
; Auto RAM Replacement                                                       ; On                 ; On                 ;
; Auto DSP Block Replacement                                                 ; On                 ; On                 ;
; Auto Shift Register Replacement                                            ; Auto               ; Auto               ;
; Allow Shift Register Merging across Hierarchies                            ; Auto               ; Auto               ;
; Auto Clock Enable Replacement                                              ; On                 ; On                 ;
; Strict RAM Replacement                                                     ; Off                ; Off                ;
; Allow Synchronous Control Signals                                          ; On                 ; On                 ;
; Force Use of Synchronous Clear Signals                                     ; Off                ; Off                ;
; Auto RAM Block Balancing                                                   ; On                 ; On                 ;
; Auto RAM to Logic Cell Conversion                                          ; Off                ; Off                ;
; Auto Resource Sharing                                                      ; Off                ; Off                ;
; Allow Any RAM Size For Recognition                                         ; Off                ; Off                ;
; Allow Any ROM Size For Recognition                                         ; Off                ; Off                ;
; Allow Any Shift Register Size For Recognition                              ; Off                ; Off                ;
; Use LogicLock Constraints during Resource Balancing                        ; On                 ; On                 ;
; Ignore translate_off and synthesis_off directives                          ; Off                ; Off                ;
; Timing-Driven Synthesis                                                    ; On                 ; On                 ;
; Report Parameter Settings                                                  ; On                 ; On                 ;
; Report Source Assignments                                                  ; On                 ; On                 ;
; Report Connectivity Checks                                                 ; On                 ; On                 ;
; Ignore Maximum Fan-Out Assignments                                         ; Off                ; Off                ;
; Synchronization Register Chain Length                                      ; 2                  ; 2                  ;
; PowerPlay Power Optimization                                               ; Normal compilation ; Normal compilation ;
; HDL message level                                                          ; Level2             ; Level2             ;
; Suppress Register Optimization Related Messages                            ; Off                ; Off                ;
; Number of Removed Registers Reported in Synthesis Report                   ; 5000               ; 5000               ;
; Number of Swept Nodes Reported in Synthesis Report                         ; 5000               ; 5000               ;
; Number of Inverted Registers Reported in Synthesis Report                  ; 100                ; 100                ;
; Clock MUX Protection                                                       ; On                 ; On                 ;
; Auto Gated Clock Conversion                                                ; Off                ; Off                ;
; Block Design Naming                                                        ; Auto               ; Auto               ;
; SDC constraint protection                                                  ; Off                ; Off                ;
; Synthesis Effort                                                           ; Auto               ; Auto               ;
; Shift Register Replacement - Allow Asynchronous Clear Signal               ; On                 ; On                 ;
; Pre-Mapping Resynthesis Optimization                                       ; Off                ; Off                ;
; Analysis & Synthesis Message Level                                         ; Medium             ; Medium             ;
; Disable Register Merging Across Hierarchies                                ; Auto               ; Auto               ;
; Resource Aware Inference For Block RAM                                     ; On                 ; On                 ;
; Synthesis Seed                                                             ; 1                  ; 1                  ;
+----------------------------------------------------------------------------+--------------------+--------------------+


+------------------------------------------+
; Parallel Compilation                     ;
+----------------------------+-------------+
; Processors                 ; Number      ;
+----------------------------+-------------+
; Number detected on machine ; 20          ;
; Maximum allowed            ; 14          ;
;                            ;             ;
; Average used               ; 1.00        ;
; Maximum used               ; 1           ;
;                            ;             ;
; Usage by Processor         ; % Time Used ;
;     Processor 1            ; 100.0%      ;
;     Processors 2-20        ;   0.0%      ;
+----------------------------+-------------+


+---------------------------------------------------------------------------------------------------------------------------------------------------------------------------+
; Analysis & Synthesis Source Files Read                                                                                                                                    ;
+----------------------------------+-----------------+------------------------------------+-----------------------------------------------------------------------+---------+
; File Name with User-Entered Path ; Used in Netlist ; File Type                          ; File Name with Absolute Path                                          ; Library ;
+----------------------------------+-----------------+------------------------------------+-----------------------------------------------------------------------+---------+
; chufa.bdf                        ; yes             ; User Block Diagram/Schematic File  ; D:/altera/T4/ALU/div1/chufa.bdf                                       ;         ;
; DIV2.vhd                         ; yes             ; User Wizard-Generated File         ; D:/altera/T4/ALU/div1/DIV2.vhd                                        ;         ;
; lpm_divide.tdf                   ; yes             ; Megafunction                       ; d:/altera/13.0sp1/quartus/libraries/megafunctions/lpm_divide.tdf      ;         ;
; abs_divider.inc                  ; yes             ; Megafunction                       ; d:/altera/13.0sp1/quartus/libraries/megafunctions/abs_divider.inc     ;         ;
; sign_div_unsign.inc              ; yes             ; Megafunction                       ; d:/altera/13.0sp1/quartus/libraries/megafunctions/sign_div_unsign.inc ;         ;
; aglobal130.inc                   ; yes             ; Megafunction                       ; d:/altera/13.0sp1/quartus/libraries/megafunctions/aglobal130.inc      ;         ;
; db/lpm_divide_l1q.tdf            ; yes             ; Auto-Generated Megafunction        ; D:/altera/T4/ALU/div1/db/lpm_divide_l1q.tdf                           ;         ;
; db/sign_div_unsign_ulh.tdf       ; yes             ; Auto-Generated Megafunction        ; D:/altera/T4/ALU/div1/db/sign_div_unsign_ulh.tdf                      ;         ;
; db/alt_u_div_g7f.tdf             ; yes             ; Auto-Generated Megafunction        ; D:/altera/T4/ALU/div1/db/alt_u_div_g7f.tdf                            ;         ;
; db/add_sub_9pc.tdf               ; yes             ; Auto-Generated Megafunction        ; D:/altera/T4/ALU/div1/db/add_sub_9pc.tdf                              ;         ;
; db/add_sub_apc.tdf               ; yes             ; Auto-Generated Megafunction        ; D:/altera/T4/ALU/div1/db/add_sub_apc.tdf                              ;         ;
+----------------------------------+-----------------+------------------------------------+-----------------------------------------------------------------------+---------+


+------------------------------------------------------------+
; Analysis & Synthesis Resource Usage Summary                ;
+---------------------------------------------+--------------+
; Resource                                    ; Usage        ;
+---------------------------------------------+--------------+
; Estimated Total logic elements              ; 229          ;
;                                             ;              ;
; Total combinational functions               ; 229          ;
; Logic element usage by number of LUT inputs ;              ;
;     -- 4 input functions                    ; 17           ;
;     -- 3 input functions                    ; 188          ;
;     -- <=2 input functions                  ; 24           ;
;                                             ;              ;
; Logic elements by mode                      ;              ;
;     -- normal mode                          ; 124          ;
;     -- arithmetic mode                      ; 105          ;
;                                             ;              ;
; Total registers                             ; 0            ;
;     -- Dedicated logic registers            ; 0            ;
;     -- I/O registers                        ; 0            ;
;                                             ;              ;
; I/O pins                                    ; 48           ;
; Embedded Multiplier 9-bit elements          ; 0            ;
; Maximum fan-out node                        ; denom7~input ;
; Maximum fan-out                             ; 20           ;
; Total fan-out                               ; 724          ;
; Average fan-out                             ; 2.23         ;
+---------------------------------------------+--------------+


+----------------------------------------------------------------------------------------------------------------------------------------------------------------------------------------------------------------------------------------------------------------------------------------------------------+
; Analysis & Synthesis Resource Utilization by Entity                                                                                                                                                                                                                                                      ;
+-------------------------------------------+-------------------+--------------+-------------+--------------+---------+-----------+------+--------------+-----------------------------------------------------------------------------------------------------------------------------------+--------------+
; Compilation Hierarchy Node                ; LC Combinationals ; LC Registers ; Memory Bits ; DSP Elements ; DSP 9x9 ; DSP 18x18 ; Pins ; Virtual Pins ; Full Hierarchy Name                                                                                                               ; Library Name ;
+-------------------------------------------+-------------------+--------------+-------------+--------------+---------+-----------+------+--------------+-----------------------------------------------------------------------------------------------------------------------------------+--------------+
; |chufa                                    ; 229 (0)           ; 0 (0)        ; 0           ; 0            ; 0       ; 0         ; 48   ; 0            ; |chufa                                                                                                                            ; work         ;
;    |DIV2:inst1|                           ; 229 (0)           ; 0 (0)        ; 0           ; 0            ; 0       ; 0         ; 0    ; 0            ; |chufa|DIV2:inst1                                                                                                                 ; work         ;
;       |lpm_divide:LPM_DIVIDE_component|   ; 229 (0)           ; 0 (0)        ; 0           ; 0            ; 0       ; 0         ; 0    ; 0            ; |chufa|DIV2:inst1|lpm_divide:LPM_DIVIDE_component                                                                                 ; work         ;
;          |lpm_divide_l1q:auto_generated|  ; 229 (0)           ; 0 (0)        ; 0           ; 0            ; 0       ; 0         ; 0    ; 0            ; |chufa|DIV2:inst1|lpm_divide:LPM_DIVIDE_component|lpm_divide_l1q:auto_generated                                                   ; work         ;
;             |sign_div_unsign_ulh:divider| ; 229 (0)           ; 0 (0)        ; 0           ; 0            ; 0       ; 0         ; 0    ; 0            ; |chufa|DIV2:inst1|lpm_divide:LPM_DIVIDE_component|lpm_divide_l1q:auto_generated|sign_div_unsign_ulh:divider                       ; work         ;
;                |alt_u_div_g7f:divider|    ; 229 (229)         ; 0 (0)        ; 0           ; 0            ; 0       ; 0         ; 0    ; 0            ; |chufa|DIV2:inst1|lpm_divide:LPM_DIVIDE_component|lpm_divide_l1q:auto_generated|sign_div_unsign_ulh:divider|alt_u_div_g7f:divider ; work         ;
+-------------------------------------------+-------------------+--------------+-------------+--------------+---------+-----------+------+--------------+-----------------------------------------------------------------------------------------------------------------------------------+--------------+
Note: For table entries with two numbers listed, the numbers in parentheses indicate the number of resources of the given type used by the specific entity alone. The numbers listed outside of parentheses indicate the total resources of the given type used by the specific entity and all of its sub-entities in the hierarchy.


+--------------------------------------------------------------------------------------------------------------------+
; Analysis & Synthesis IP Cores Summary                                                                              ;
+--------+--------------+---------+--------------+--------------+-------------------+--------------------------------+
; Vendor ; IP Core Name ; Version ; Release Date ; License Type ; Entity Instance   ; IP Include File                ;
+--------+--------------+---------+--------------+--------------+-------------------+--------------------------------+
; Altera ; LPM_DIVIDE   ; 13.0    ; N/A          ; N/A          ; |chufa|DIV2:inst1 ; D:/altera/T4/ALU/div1/DIV2.vhd ;
+--------+--------------+---------+--------------+--------------+-------------------+--------------------------------+


+------------------------------------------------------+
; General Register Statistics                          ;
+----------------------------------------------+-------+
; Statistic                                    ; Value ;
+----------------------------------------------+-------+
; Total registers                              ; 0     ;
; Number of registers using Synchronous Clear  ; 0     ;
; Number of registers using Synchronous Load   ; 0     ;
; Number of registers using Asynchronous Clear ; 0     ;
; Number of registers using Asynchronous Load  ; 0     ;
; Number of registers using Clock Enable       ; 0     ;
; Number of registers using Preset             ; 0     ;
+----------------------------------------------+-------+


+-----------------------------------------------------------------------------------------+
; Parameter Settings for User Entity Instance: DIV2:inst1|lpm_divide:LPM_DIVIDE_component ;
+------------------------+----------------+-----------------------------------------------+
; Parameter Name         ; Value          ; Type                                          ;
+------------------------+----------------+-----------------------------------------------+
; LPM_WIDTHN             ; 16             ; Signed Integer                                ;
; LPM_WIDTHD             ; 8              ; Signed Integer                                ;
; LPM_NREPRESENTATION    ; UNSIGNED       ; Untyped                                       ;
; LPM_DREPRESENTATION    ; UNSIGNED       ; Untyped                                       ;
; LPM_PIPELINE           ; 0              ; Untyped                                       ;
; LPM_REMAINDERPOSITIVE  ; TRUE           ; Untyped                                       ;
; MAXIMIZE_SPEED         ; 5              ; Untyped                                       ;
; CBXI_PARAMETER         ; lpm_divide_l1q ; Untyped                                       ;
; CARRY_CHAIN            ; MANUAL         ; Untyped                                       ;
; OPTIMIZE_FOR_SPEED     ; 5              ; Untyped                                       ;
; AUTO_CARRY_CHAINS      ; ON             ; AUTO_CARRY                                    ;
; IGNORE_CARRY_BUFFERS   ; OFF            ; IGNORE_CARRY                                  ;
; AUTO_CASCADE_CHAINS    ; ON             ; AUTO_CASCADE                                  ;
; IGNORE_CASCADE_BUFFERS ; OFF            ; IGNORE_CASCADE                                ;
+------------------------+----------------+-----------------------------------------------+
Note: In order to hide this table in the UI and the text report file, please set the "Show Parameter Settings in Synthesis Report" option in "Analysis and Synthesis Settings -> More Settings" to "Off".


+-------------------------------+
; Elapsed Time Per Partition    ;
+----------------+--------------+
; Partition Name ; Elapsed Time ;
+----------------+--------------+
; Top            ; 00:00:00     ;
+----------------+--------------+


+-------------------------------+
; Analysis & Synthesis Messages ;
+-------------------------------+
Info: *******************************************************************
Info: Running Quartus II 64-Bit Analysis & Synthesis
    Info: Version 13.0.1 Build 232 06/12/2013 Service Pack 1 SJ Full Version
    Info: Processing started: Sun Nov 24 17:25:50 2024
Info: Command: quartus_map --read_settings_files=on --write_settings_files=off chufa -c chufa
Info (11104): Parallel Compilation has detected 20 hyper-threaded processors. However, the extra hyper-threaded processors will not be used by default. Parallel Compilation will use 14 of the 14 physical processors detected instead.
Info (12021): Found 2 design units, including 1 entities, in source file div.vhd
    Info (12022): Found design unit 1: div-SYN
    Info (12023): Found entity 1: DIV
Info (12021): Found 1 design units, including 1 entities, in source file chufa.bdf
    Info (12023): Found entity 1: chufa
Info (12021): Found 1 design units, including 1 entities, in source file block1.bdf
    Info (12023): Found entity 1: Block1
Info (12021): Found 2 design units, including 1 entities, in source file div2.vhd
    Info (12022): Found design unit 1: div2-SYN
    Info (12023): Found entity 1: DIV2
Info (12127): Elaborating entity "chufa" for the top level hierarchy
Warning (275080): Converted elements in bus name "business" using legacy naming rules. Make any assignments on the new names, not on the original names.
    Warning (275081): Converted element name(s) from "business[15]" to "business15"
    Warning (275081): Converted element name(s) from "business[14]" to "business14"
    Warning (275081): Converted element name(s) from "business[13]" to "business13"
    Warning (275081): Converted element name(s) from "business[12]" to "business12"
    Warning (275081): Converted element name(s) from "business[11]" to "business11"
    Warning (275081): Converted element name(s) from "business[10]" to "business10"
    Warning (275081): Converted element name(s) from "business[9]" to "business9"
    Warning (275081): Converted element name(s) from "business[8]" to "business8"
    Warning (275081): Converted element name(s) from "business[7]" to "business7"
    Warning (275081): Converted element name(s) from "business[6]" to "business6"
    Warning (275081): Converted element name(s) from "business[5]" to "business5"
    Warning (275081): Converted element name(s) from "business[4]" to "business4"
    Warning (275081): Converted element name(s) from "business[3]" to "business3"
    Warning (275081): Converted element name(s) from "business[2]" to "business2"
    Warning (275081): Converted element name(s) from "business[1]" to "business1"
    Warning (275081): Converted element name(s) from "business[15]" to "business15"
    Warning (275081): Converted element name(s) from "business[14]" to "business14"
    Warning (275081): Converted element name(s) from "business[13]" to "business13"
    Warning (275081): Converted element name(s) from "business[12]" to "business12"
    Warning (275081): Converted element name(s) from "business[11]" to "business11"
    Warning (275081): Converted element name(s) from "business[10]" to "business10"
    Warning (275081): Converted element name(s) from "business[9]" to "business9"
    Warning (275081): Converted element name(s) from "business[8]" to "business8"
    Warning (275081): Converted element name(s) from "business[7]" to "business7"
    Warning (275081): Converted element name(s) from "business[6]" to "business6"
    Warning (275081): Converted element name(s) from "business[5]" to "business5"
    Warning (275081): Converted element name(s) from "business[4]" to "business4"
    Warning (275081): Converted element name(s) from "business[3]" to "business3"
    Warning (275081): Converted element name(s) from "business[2]" to "business2"
    Warning (275081): Converted element name(s) from "business[1]" to "business1"
    Warning (275081): Converted element name(s) from "business[0]" to "business0"
    Warning (275081): Converted element name(s) from "business[15..0]" to "business15..0"
    Warning (275081): Converted element name(s) from "business[0]" to "business0"
Warning (275080): Converted elements in bus name "denom" using legacy naming rules. Make any assignments on the new names, not on the original names.
    Warning (275081): Converted element name(s) from "denom[7]" to "denom7"
    Warning (275081): Converted element name(s) from "denom[6]" to "denom6"
    Warning (275081): Converted element name(s) from "denom[5]" to "denom5"
    Warning (275081): Converted element name(s) from "denom[4]" to "denom4"
    Warning (275081): Converted element name(s) from "denom[3]" to "denom3"
    Warning (275081): Converted element name(s) from "denom[2]" to "denom2"
    Warning (275081): Converted element name(s) from "denom[1]" to "denom1"
    Warning (275081): Converted element name(s) from "denom[0]" to "denom0"
    Warning (275081): Converted element name(s) from "denom[7]" to "denom7"
    Warning (275081): Converted element name(s) from "denom[6]" to "denom6"
    Warning (275081): Converted element name(s) from "denom[5]" to "denom5"
    Warning (275081): Converted element name(s) from "denom[4]" to "denom4"
    Warning (275081): Converted element name(s) from "denom[3]" to "denom3"
    Warning (275081): Converted element name(s) from "denom[2]" to "denom2"
    Warning (275081): Converted element name(s) from "denom[1]" to "denom1"
    Warning (275081): Converted element name(s) from "denom[0]" to "denom0"
    Warning (275081): Converted element name(s) from "denom[7..0]" to "denom7..0"
Warning (275080): Converted elements in bus name "numerator" using legacy naming rules. Make any assignments on the new names, not on the original names.
    Warning (275081): Converted element name(s) from "numerator[1]" to "numerator1"
    Warning (275081): Converted element name(s) from "numerator[2]" to "numerator2"
    Warning (275081): Converted element name(s) from "numerator[3]" to "numerator3"
    Warning (275081): Converted element name(s) from "numerator[4]" to "numerator4"
    Warning (275081): Converted element name(s) from "numerator[5]" to "numerator5"
    Warning (275081): Converted element name(s) from "numerator[6]" to "numerator6"
    Warning (275081): Converted element name(s) from "numerator[7]" to "numerator7"
    Warning (275081): Converted element name(s) from "numerator[8]" to "numerator8"
    Warning (275081): Converted element name(s) from "numerator[9]" to "numerator9"
    Warning (275081): Converted element name(s) from "numerator[10]" to "numerator10"
    Warning (275081): Converted element name(s) from "numerator[11]" to "numerator11"
    Warning (275081): Converted element name(s) from "numerator[12]" to "numerator12"
    Warning (275081): Converted element name(s) from "numerator[13]" to "numerator13"
    Warning (275081): Converted element name(s) from "numerator[14]" to "numerator14"
    Warning (275081): Converted element name(s) from "numerator[15]" to "numerator15"
    Warning (275081): Converted element name(s) from "numerator[15..0]" to "numerator15..0"
    Warning (275081): Converted element name(s) from "numerator[15]" to "numerator15"
    Warning (275081): Converted element name(s) from "numerator[0]" to "numerator0"
    Warning (275081): Converted element name(s) from "numerator[1]" to "numerator1"
    Warning (275081): Converted element name(s) from "numerator[2]" to "numerator2"
    Warning (275081): Converted element name(s) from "numerator[3]" to "numerator3"
    Warning (275081): Converted element name(s) from "numerator[4]" to "numerator4"
    Warning (275081): Converted element name(s) from "numerator[5]" to "numerator5"
    Warning (275081): Converted element name(s) from "numerator[6]" to "numerator6"
    Warning (275081): Converted element name(s) from "numerator[7]" to "numerator7"
    Warning (275081): Converted element name(s) from "numerator[8]" to "numerator8"
    Warning (275081): Converted element name(s) from "numerator[9]" to "numerator9"
    Warning (275081): Converted element name(s) from "numerator[10]" to "numerator10"
    Warning (275081): Converted element name(s) from "numerator[11]" to "numerator11"
    Warning (275081): Converted element name(s) from "numerator[12]" to "numerator12"
    Warning (275081): Converted element name(s) from "numerator[13]" to "numerator13"
    Warning (275081): Converted element name(s) from "numerator[14]" to "numerator14"
    Warning (275081): Converted element name(s) from "numerator[0]" to "numerator0"
Warning (275080): Converted elements in bus name "remain" using legacy naming rules. Make any assignments on the new names, not on the original names.
    Warning (275081): Converted element name(s) from "remain[7..0]" to "remain7..0"
    Warning (275081): Converted element name(s) from "remain[7]" to "remain7"
    Warning (275081): Converted element name(s) from "remain[6]" to "remain6"
    Warning (275081): Converted element name(s) from "remain[5]" to "remain5"
    Warning (275081): Converted element name(s) from "remain[4]" to "remain4"
    Warning (275081): Converted element name(s) from "remain[3]" to "remain3"
    Warning (275081): Converted element name(s) from "remain[2]" to "remain2"
    Warning (275081): Converted element name(s) from "remain[1]" to "remain1"
    Warning (275081): Converted element name(s) from "remain[0]" to "remain0"
    Warning (275081): Converted element name(s) from "remain[5]" to "remain5"
    Warning (275081): Converted element name(s) from "remain[4]" to "remain4"
    Warning (275081): Converted element name(s) from "remain[3]" to "remain3"
    Warning (275081): Converted element name(s) from "remain[2]" to "remain2"
    Warning (275081): Converted element name(s) from "remain[1]" to "remain1"
    Warning (275081): Converted element name(s) from "remain[0]" to "remain0"
    Warning (275081): Converted element name(s) from "remain[6]" to "remain6"
    Warning (275081): Converted element name(s) from "remain[7]" to "remain7"
Info (12128): Elaborating entity "DIV2" for hierarchy "DIV2:inst1"
Info (12128): Elaborating entity "lpm_divide" for hierarchy "DIV2:inst1|lpm_divide:LPM_DIVIDE_component"
Info (12130): Elaborated megafunction instantiation "DIV2:inst1|lpm_divide:LPM_DIVIDE_component"
Info (12133): Instantiated megafunction "DIV2:inst1|lpm_divide:LPM_DIVIDE_component" with the following parameter:
    Info (12134): Parameter "lpm_drepresentation" = "UNSIGNED"
    Info (12134): Parameter "lpm_hint" = "LPM_REMAINDERPOSITIVE=TRUE"
    Info (12134): Parameter "lpm_nrepresentation" = "UNSIGNED"
    Info (12134): Parameter "lpm_type" = "LPM_DIVIDE"
    Info (12134): Parameter "lpm_widthd" = "8"
    Info (12134): Parameter "lpm_widthn" = "16"
Info (12021): Found 1 design units, including 1 entities, in source file db/lpm_divide_l1q.tdf
    Info (12023): Found entity 1: lpm_divide_l1q
Info (12128): Elaborating entity "lpm_divide_l1q" for hierarchy "DIV2:inst1|lpm_divide:LPM_DIVIDE_component|lpm_divide_l1q:auto_generated"
Info (12021): Found 1 design units, including 1 entities, in source file db/sign_div_unsign_ulh.tdf
    Info (12023): Found entity 1: sign_div_unsign_ulh
Info (12128): Elaborating entity "sign_div_unsign_ulh" for hierarchy "DIV2:inst1|lpm_divide:LPM_DIVIDE_component|lpm_divide_l1q:auto_generated|sign_div_unsign_ulh:divider"
Info (12021): Found 1 design units, including 1 entities, in source file db/alt_u_div_g7f.tdf
    Info (12023): Found entity 1: alt_u_div_g7f
Info (12128): Elaborating entity "alt_u_div_g7f" for hierarchy "DIV2:inst1|lpm_divide:LPM_DIVIDE_component|lpm_divide_l1q:auto_generated|sign_div_unsign_ulh:divider|alt_u_div_g7f:divider"
Warning (12136): Clear box output file D:/altera/T4/ALU/div1/db/add_sub_9pc.tdf is not compatible with the current compile. Used regenerated output file D:/altera/T4/ALU/div1/db/add_sub_9pc.tdf for elaboration
Info (12021): Found 1 design units, including 1 entities, in source file db/add_sub_9pc.tdf
    Info (12023): Found entity 1: add_sub_9pc
Info (12128): Elaborating entity "add_sub_9pc" for hierarchy "DIV2:inst1|lpm_divide:LPM_DIVIDE_component|lpm_divide_l1q:auto_generated|sign_div_unsign_ulh:divider|alt_u_div_g7f:divider|add_sub_9pc:add_sub_0"
Warning (12136): Clear box output file D:/altera/T4/ALU/div1/db/add_sub_apc.tdf is not compatible with the current compile. Used regenerated output file D:/altera/T4/ALU/div1/db/add_sub_apc.tdf for elaboration
Info (12021): Found 1 design units, including 1 entities, in source file db/add_sub_apc.tdf
    Info (12023): Found entity 1: add_sub_apc
Info (12128): Elaborating entity "add_sub_apc" for hierarchy "DIV2:inst1|lpm_divide:LPM_DIVIDE_component|lpm_divide_l1q:auto_generated|sign_div_unsign_ulh:divider|alt_u_div_g7f:divider|add_sub_apc:add_sub_1"
Info (286030): Timing-Driven Synthesis is running
Info (16010): Generating hard_block partition "hard_block:auto_generated_inst"
    Info (16011): Adding 0 node(s), including 0 DDIO, 0 PLL, 0 transceiver and 0 LCELL
Info (21057): Implemented 277 device resources after synthesis - the final resource count might be different
    Info (21058): Implemented 24 input pins
    Info (21059): Implemented 24 output pins
    Info (21061): Implemented 229 logic cells
Info: Quartus II 64-Bit Analysis & Synthesis was successful. 0 errors, 106 warnings
    Info: Peak virtual memory: 4677 megabytes
    Info: Processing ended: Sun Nov 24 17:25:54 2024
    Info: Elapsed time: 00:00:04
    Info: Total CPU time (on all processors): 00:00:02


