Simulator report for METRIX_qsim
Mon Nov 11 19:59:03 2024
Quartus II 64-Bit Version 13.0.1 Build 232 06/12/2013 Service Pack 1 SJ Full Version


---------------------
; Table of Contents ;
---------------------
  1. Legal Notice
  2. Simulator Summary
  3. Simulator Settings
  4. Simulation Waveforms
  5. Coverage Summary
  6. Complete 1/0-Value Coverage
  7. Missing 1-Value Coverage
  8. Missing 0-Value Coverage
  9. Simulator INI Usage
 10. Simulator Messages



----------------
; Legal Notice ;
----------------
Copyright (C) 1991-2013 Altera Corporation
Your use of Altera Corporation's design tools, logic functions 
and other software and tools, and its AMPP partner logic 
functions, and any output files from any of the foregoing 
(including device programming or simulation files), and any 
associated documentation or information are expressly subject 
to the terms and conditions of the Altera Program License 
Subscription Agreement, Altera MegaCore Function License 
Agreement, or other applicable license agreement, including, 
without limitation, that your use is for the sole purpose of 
programming logic devices manufactured by Altera and sold by 
Altera or its authorized distributors.  Please refer to the 
applicable agreement for further details.



+--------------------------------------------+
; Simulator Summary                          ;
+-----------------------------+--------------+
; Type                        ; Value        ;
+-----------------------------+--------------+
; Simulation Start Time       ; 0 ps         ;
; Simulation End Time         ; 1.0 us       ;
; Simulation Netlist Size     ; 401 nodes    ;
; Simulation Coverage         ;       0.00 % ;
; Total Number of Transitions ; 0            ;
; Simulation Breakpoints      ; 0            ;
; Family                      ; Cyclone III  ;
+-----------------------------+--------------+


+----------------------------------------------------------------------------------------------------------------------------------------------------------+
; Simulator Settings                                                                                                                                       ;
+--------------------------------------------------------------------------------------------+---------------------------------------------+---------------+
; Option                                                                                     ; Setting                                     ; Default Value ;
+--------------------------------------------------------------------------------------------+---------------------------------------------+---------------+
; Simulation mode                                                                            ; Functional                                  ; Timing        ;
; Start time                                                                                 ; 0 ns                                        ; 0 ns          ;
; Simulation results format                                                                  ; VWF                                         ;               ;
; Vector input source                                                                        ; D:/altera/13.0sp1/test3/METRIX/Waveform.vwf ;               ;
; Add pins automatically to simulation output waveforms                                      ; On                                          ; On            ;
; Check outputs                                                                              ; Off                                         ; Off           ;
; Report simulation coverage                                                                 ; On                                          ; On            ;
; Display complete 1/0 value coverage report                                                 ; On                                          ; On            ;
; Display missing 1-value coverage report                                                    ; On                                          ; On            ;
; Display missing 0-value coverage report                                                    ; On                                          ; On            ;
; Detect setup and hold time violations                                                      ; Off                                         ; Off           ;
; Detect glitches                                                                            ; Off                                         ; Off           ;
; Disable timing delays in Timing Simulation                                                 ; Off                                         ; Off           ;
; Generate Signal Activity File                                                              ; Off                                         ; Off           ;
; Generate VCD File for PowerPlay Power Analyzer                                             ; Off                                         ; Off           ;
; Group bus channels in simulation results                                                   ; Off                                         ; Off           ;
; Preserve fewer signal transitions to reduce memory requirements                            ; On                                          ; On            ;
; Trigger vector comparison with the specified mode                                          ; INPUT_EDGE                                  ; INPUT_EDGE    ;
; Disable setup and hold time violations detection in input registers of bi-directional pins ; Off                                         ; Off           ;
; Overwrite Waveform Inputs With Simulation Outputs                                          ; Off                                         ;               ;
; Perform Glitch Filtering in Timing Simulation                                              ; Auto                                        ; Auto          ;
; Interconnect Delay Model Type                                                              ; Transport                                   ; Transport     ;
; Cell Delay Model Type                                                                      ; Transport                                   ; Transport     ;
+--------------------------------------------------------------------------------------------+---------------------------------------------+---------------+


+----------------------+
; Simulation Waveforms ;
+----------------------+
Waveform report data cannot be output to ASCII.
Please use Quartus II 64-Bit to view the waveform report data.


+--------------------------------------------------------------------+
; Coverage Summary                                                   ;
+-----------------------------------------------------+--------------+
; Type                                                ; Value        ;
+-----------------------------------------------------+--------------+
; Total coverage as a percentage                      ;       0.00 % ;
; Total nodes checked                                 ; 401          ;
; Total output ports checked                          ; 401          ;
; Total output ports with complete 1/0-value coverage ; 0            ;
; Total output ports with no 1/0-value coverage       ; 401          ;
; Total output ports with no 1-value coverage         ; 401          ;
; Total output ports with no 0-value coverage         ; 401          ;
+-----------------------------------------------------+--------------+


The following table displays output ports that toggle between 1 and 0 during simulation.
+-------------------------------------------------+
; Complete 1/0-Value Coverage                     ;
+-----------+------------------+------------------+
; Node Name ; Output Port Name ; Output Port Type ;
+-----------+------------------+------------------+


The following table displays output ports that do not toggle to 1 during simulation.
+--------------------------------------------------------------------------------------------------------+
; Missing 1-Value Coverage                                                                               ;
+------------------------------------------+------------------------------------------+------------------+
; Node Name                                ; Output Port Name                         ; Output Port Type ;
+------------------------------------------+------------------------------------------+------------------+
; |METRIX|p0                               ; |METRIX|p0                               ; pin_out          ;
; |METRIX|a0                               ; |METRIX|a0                               ; out              ;
; |METRIX|b0                               ; |METRIX|b0                               ; out              ;
; |METRIX|p1                               ; |METRIX|p1                               ; pin_out          ;
; |METRIX|a1                               ; |METRIX|a1                               ; out              ;
; |METRIX|b1                               ; |METRIX|b1                               ; out              ;
; |METRIX|p2                               ; |METRIX|p2                               ; pin_out          ;
; |METRIX|a2                               ; |METRIX|a2                               ; out              ;
; |METRIX|b2                               ; |METRIX|b2                               ; out              ;
; |METRIX|p3                               ; |METRIX|p3                               ; pin_out          ;
; |METRIX|a3                               ; |METRIX|a3                               ; out              ;
; |METRIX|b3                               ; |METRIX|b3                               ; out              ;
; |METRIX|p4                               ; |METRIX|p4                               ; pin_out          ;
; |METRIX|a4                               ; |METRIX|a4                               ; out              ;
; |METRIX|b4                               ; |METRIX|b4                               ; out              ;
; |METRIX|p5                               ; |METRIX|p5                               ; pin_out          ;
; |METRIX|a5                               ; |METRIX|a5                               ; out              ;
; |METRIX|b5                               ; |METRIX|b5                               ; out              ;
; |METRIX|p6                               ; |METRIX|p6                               ; pin_out          ;
; |METRIX|a6                               ; |METRIX|a6                               ; out              ;
; |METRIX|b6                               ; |METRIX|b6                               ; out              ;
; |METRIX|p7                               ; |METRIX|p7                               ; pin_out          ;
; |METRIX|a7                               ; |METRIX|a7                               ; out              ;
; |METRIX|b7                               ; |METRIX|b7                               ; out              ;
; |METRIX|p8                               ; |METRIX|p8                               ; pin_out          ;
; |METRIX|p9                               ; |METRIX|p9                               ; pin_out          ;
; |METRIX|p10                              ; |METRIX|p10                              ; pin_out          ;
; |METRIX|p11                              ; |METRIX|p11                              ; pin_out          ;
; |METRIX|p12                              ; |METRIX|p12                              ; pin_out          ;
; |METRIX|p13                              ; |METRIX|p13                              ; pin_out          ;
; |METRIX|p14                              ; |METRIX|p14                              ; pin_out          ;
; |METRIX|p15                              ; |METRIX|p15                              ; pin_out          ;
; |METRIX|cell:inst63|inst1                ; |METRIX|cell:inst63|inst1                ; out0             ;
; |METRIX|cell:inst63|FA:inst|7482:inst|8  ; |METRIX|cell:inst63|FA:inst|7482:inst|8  ; out0             ;
; |METRIX|cell:inst63|FA:inst|7482:inst|3  ; |METRIX|cell:inst63|FA:inst|7482:inst|3  ; out0             ;
; |METRIX|cell:inst63|FA:inst|7482:inst|27 ; |METRIX|cell:inst63|FA:inst|7482:inst|27 ; out0             ;
; |METRIX|cell:inst63|FA:inst|7482:inst|25 ; |METRIX|cell:inst63|FA:inst|7482:inst|25 ; out0             ;
; |METRIX|cell:inst63|FA:inst|7482:inst|17 ; |METRIX|cell:inst63|FA:inst|7482:inst|17 ; out0             ;
; |METRIX|cell:inst63|FA:inst|7482:inst|20 ; |METRIX|cell:inst63|FA:inst|7482:inst|20 ; out0             ;
; |METRIX|cell:inst55|inst1                ; |METRIX|cell:inst55|inst1                ; out0             ;
; |METRIX|cell:inst55|FA:inst|7482:inst|8  ; |METRIX|cell:inst55|FA:inst|7482:inst|8  ; out0             ;
; |METRIX|cell:inst55|FA:inst|7482:inst|3  ; |METRIX|cell:inst55|FA:inst|7482:inst|3  ; out0             ;
; |METRIX|cell:inst55|FA:inst|7482:inst|27 ; |METRIX|cell:inst55|FA:inst|7482:inst|27 ; out0             ;
; |METRIX|cell:inst55|FA:inst|7482:inst|25 ; |METRIX|cell:inst55|FA:inst|7482:inst|25 ; out0             ;
; |METRIX|cell:inst55|FA:inst|7482:inst|17 ; |METRIX|cell:inst55|FA:inst|7482:inst|17 ; out0             ;
; |METRIX|cell:inst55|FA:inst|7482:inst|20 ; |METRIX|cell:inst55|FA:inst|7482:inst|20 ; out0             ;
; |METRIX|cell:inst62|inst1                ; |METRIX|cell:inst62|inst1                ; out0             ;
; |METRIX|cell:inst62|FA:inst|7482:inst|8  ; |METRIX|cell:inst62|FA:inst|7482:inst|8  ; out0             ;
; |METRIX|cell:inst62|FA:inst|7482:inst|3  ; |METRIX|cell:inst62|FA:inst|7482:inst|3  ; out0             ;
; |METRIX|cell:inst62|FA:inst|7482:inst|27 ; |METRIX|cell:inst62|FA:inst|7482:inst|27 ; out0             ;
; |METRIX|cell:inst62|FA:inst|7482:inst|25 ; |METRIX|cell:inst62|FA:inst|7482:inst|25 ; out0             ;
; |METRIX|cell:inst62|FA:inst|7482:inst|17 ; |METRIX|cell:inst62|FA:inst|7482:inst|17 ; out0             ;
; |METRIX|cell:inst62|FA:inst|7482:inst|20 ; |METRIX|cell:inst62|FA:inst|7482:inst|20 ; out0             ;
; |METRIX|cell:inst47|inst1                ; |METRIX|cell:inst47|inst1                ; out0             ;
; |METRIX|cell:inst47|FA:inst|7482:inst|8  ; |METRIX|cell:inst47|FA:inst|7482:inst|8  ; out0             ;
; |METRIX|cell:inst47|FA:inst|7482:inst|3  ; |METRIX|cell:inst47|FA:inst|7482:inst|3  ; out0             ;
; |METRIX|cell:inst47|FA:inst|7482:inst|27 ; |METRIX|cell:inst47|FA:inst|7482:inst|27 ; out0             ;
; |METRIX|cell:inst47|FA:inst|7482:inst|25 ; |METRIX|cell:inst47|FA:inst|7482:inst|25 ; out0             ;
; |METRIX|cell:inst47|FA:inst|7482:inst|17 ; |METRIX|cell:inst47|FA:inst|7482:inst|17 ; out0             ;
; |METRIX|cell:inst47|FA:inst|7482:inst|20 ; |METRIX|cell:inst47|FA:inst|7482:inst|20 ; out0             ;
; |METRIX|cell:inst54|inst1                ; |METRIX|cell:inst54|inst1                ; out0             ;
; |METRIX|cell:inst54|FA:inst|7482:inst|8  ; |METRIX|cell:inst54|FA:inst|7482:inst|8  ; out0             ;
; |METRIX|cell:inst54|FA:inst|7482:inst|3  ; |METRIX|cell:inst54|FA:inst|7482:inst|3  ; out0             ;
; |METRIX|cell:inst54|FA:inst|7482:inst|27 ; |METRIX|cell:inst54|FA:inst|7482:inst|27 ; out0             ;
; |METRIX|cell:inst54|FA:inst|7482:inst|25 ; |METRIX|cell:inst54|FA:inst|7482:inst|25 ; out0             ;
; |METRIX|cell:inst54|FA:inst|7482:inst|17 ; |METRIX|cell:inst54|FA:inst|7482:inst|17 ; out0             ;
; |METRIX|cell:inst54|FA:inst|7482:inst|20 ; |METRIX|cell:inst54|FA:inst|7482:inst|20 ; out0             ;
; |METRIX|cell:inst61|inst1                ; |METRIX|cell:inst61|inst1                ; out0             ;
; |METRIX|cell:inst61|FA:inst|7482:inst|8  ; |METRIX|cell:inst61|FA:inst|7482:inst|8  ; out0             ;
; |METRIX|cell:inst61|FA:inst|7482:inst|3  ; |METRIX|cell:inst61|FA:inst|7482:inst|3  ; out0             ;
; |METRIX|cell:inst61|FA:inst|7482:inst|27 ; |METRIX|cell:inst61|FA:inst|7482:inst|27 ; out0             ;
; |METRIX|cell:inst61|FA:inst|7482:inst|25 ; |METRIX|cell:inst61|FA:inst|7482:inst|25 ; out0             ;
; |METRIX|cell:inst61|FA:inst|7482:inst|17 ; |METRIX|cell:inst61|FA:inst|7482:inst|17 ; out0             ;
; |METRIX|cell:inst61|FA:inst|7482:inst|20 ; |METRIX|cell:inst61|FA:inst|7482:inst|20 ; out0             ;
; |METRIX|cell:inst39|inst1                ; |METRIX|cell:inst39|inst1                ; out0             ;
; |METRIX|cell:inst39|FA:inst|7482:inst|8  ; |METRIX|cell:inst39|FA:inst|7482:inst|8  ; out0             ;
; |METRIX|cell:inst39|FA:inst|7482:inst|3  ; |METRIX|cell:inst39|FA:inst|7482:inst|3  ; out0             ;
; |METRIX|cell:inst39|FA:inst|7482:inst|27 ; |METRIX|cell:inst39|FA:inst|7482:inst|27 ; out0             ;
; |METRIX|cell:inst39|FA:inst|7482:inst|25 ; |METRIX|cell:inst39|FA:inst|7482:inst|25 ; out0             ;
; |METRIX|cell:inst39|FA:inst|7482:inst|17 ; |METRIX|cell:inst39|FA:inst|7482:inst|17 ; out0             ;
; |METRIX|cell:inst39|FA:inst|7482:inst|20 ; |METRIX|cell:inst39|FA:inst|7482:inst|20 ; out0             ;
; |METRIX|cell:inst46|inst1                ; |METRIX|cell:inst46|inst1                ; out0             ;
; |METRIX|cell:inst46|FA:inst|7482:inst|8  ; |METRIX|cell:inst46|FA:inst|7482:inst|8  ; out0             ;
; |METRIX|cell:inst46|FA:inst|7482:inst|3  ; |METRIX|cell:inst46|FA:inst|7482:inst|3  ; out0             ;
; |METRIX|cell:inst46|FA:inst|7482:inst|27 ; |METRIX|cell:inst46|FA:inst|7482:inst|27 ; out0             ;
; |METRIX|cell:inst46|FA:inst|7482:inst|25 ; |METRIX|cell:inst46|FA:inst|7482:inst|25 ; out0             ;
; |METRIX|cell:inst46|FA:inst|7482:inst|17 ; |METRIX|cell:inst46|FA:inst|7482:inst|17 ; out0             ;
; |METRIX|cell:inst46|FA:inst|7482:inst|20 ; |METRIX|cell:inst46|FA:inst|7482:inst|20 ; out0             ;
; |METRIX|cell:inst53|inst1                ; |METRIX|cell:inst53|inst1                ; out0             ;
; |METRIX|cell:inst53|FA:inst|7482:inst|8  ; |METRIX|cell:inst53|FA:inst|7482:inst|8  ; out0             ;
; |METRIX|cell:inst53|FA:inst|7482:inst|3  ; |METRIX|cell:inst53|FA:inst|7482:inst|3  ; out0             ;
; |METRIX|cell:inst53|FA:inst|7482:inst|27 ; |METRIX|cell:inst53|FA:inst|7482:inst|27 ; out0             ;
; |METRIX|cell:inst53|FA:inst|7482:inst|25 ; |METRIX|cell:inst53|FA:inst|7482:inst|25 ; out0             ;
; |METRIX|cell:inst53|FA:inst|7482:inst|17 ; |METRIX|cell:inst53|FA:inst|7482:inst|17 ; out0             ;
; |METRIX|cell:inst53|FA:inst|7482:inst|20 ; |METRIX|cell:inst53|FA:inst|7482:inst|20 ; out0             ;
; |METRIX|cell:inst60|inst1                ; |METRIX|cell:inst60|inst1                ; out0             ;
; |METRIX|cell:inst60|FA:inst|7482:inst|8  ; |METRIX|cell:inst60|FA:inst|7482:inst|8  ; out0             ;
; |METRIX|cell:inst60|FA:inst|7482:inst|3  ; |METRIX|cell:inst60|FA:inst|7482:inst|3  ; out0             ;
; |METRIX|cell:inst60|FA:inst|7482:inst|27 ; |METRIX|cell:inst60|FA:inst|7482:inst|27 ; out0             ;
; |METRIX|cell:inst60|FA:inst|7482:inst|25 ; |METRIX|cell:inst60|FA:inst|7482:inst|25 ; out0             ;
; |METRIX|cell:inst60|FA:inst|7482:inst|17 ; |METRIX|cell:inst60|FA:inst|7482:inst|17 ; out0             ;
; |METRIX|cell:inst60|FA:inst|7482:inst|20 ; |METRIX|cell:inst60|FA:inst|7482:inst|20 ; out0             ;
; |METRIX|cell:inst30|inst1                ; |METRIX|cell:inst30|inst1                ; out0             ;
; |METRIX|cell:inst30|FA:inst|7482:inst|8  ; |METRIX|cell:inst30|FA:inst|7482:inst|8  ; out0             ;
; |METRIX|cell:inst30|FA:inst|7482:inst|3  ; |METRIX|cell:inst30|FA:inst|7482:inst|3  ; out0             ;
; |METRIX|cell:inst30|FA:inst|7482:inst|27 ; |METRIX|cell:inst30|FA:inst|7482:inst|27 ; out0             ;
; |METRIX|cell:inst30|FA:inst|7482:inst|25 ; |METRIX|cell:inst30|FA:inst|7482:inst|25 ; out0             ;
; |METRIX|cell:inst30|FA:inst|7482:inst|17 ; |METRIX|cell:inst30|FA:inst|7482:inst|17 ; out0             ;
; |METRIX|cell:inst30|FA:inst|7482:inst|20 ; |METRIX|cell:inst30|FA:inst|7482:inst|20 ; out0             ;
; |METRIX|cell:inst38|inst1                ; |METRIX|cell:inst38|inst1                ; out0             ;
; |METRIX|cell:inst38|FA:inst|7482:inst|8  ; |METRIX|cell:inst38|FA:inst|7482:inst|8  ; out0             ;
; |METRIX|cell:inst38|FA:inst|7482:inst|3  ; |METRIX|cell:inst38|FA:inst|7482:inst|3  ; out0             ;
; |METRIX|cell:inst38|FA:inst|7482:inst|27 ; |METRIX|cell:inst38|FA:inst|7482:inst|27 ; out0             ;
; |METRIX|cell:inst38|FA:inst|7482:inst|25 ; |METRIX|cell:inst38|FA:inst|7482:inst|25 ; out0             ;
; |METRIX|cell:inst38|FA:inst|7482:inst|17 ; |METRIX|cell:inst38|FA:inst|7482:inst|17 ; out0             ;
; |METRIX|cell:inst38|FA:inst|7482:inst|20 ; |METRIX|cell:inst38|FA:inst|7482:inst|20 ; out0             ;
; |METRIX|cell:inst45|inst1                ; |METRIX|cell:inst45|inst1                ; out0             ;
; |METRIX|cell:inst45|FA:inst|7482:inst|8  ; |METRIX|cell:inst45|FA:inst|7482:inst|8  ; out0             ;
; |METRIX|cell:inst45|FA:inst|7482:inst|3  ; |METRIX|cell:inst45|FA:inst|7482:inst|3  ; out0             ;
; |METRIX|cell:inst45|FA:inst|7482:inst|27 ; |METRIX|cell:inst45|FA:inst|7482:inst|27 ; out0             ;
; |METRIX|cell:inst45|FA:inst|7482:inst|25 ; |METRIX|cell:inst45|FA:inst|7482:inst|25 ; out0             ;
; |METRIX|cell:inst45|FA:inst|7482:inst|17 ; |METRIX|cell:inst45|FA:inst|7482:inst|17 ; out0             ;
; |METRIX|cell:inst45|FA:inst|7482:inst|20 ; |METRIX|cell:inst45|FA:inst|7482:inst|20 ; out0             ;
; |METRIX|cell:inst52|inst1                ; |METRIX|cell:inst52|inst1                ; out0             ;
; |METRIX|cell:inst52|FA:inst|7482:inst|8  ; |METRIX|cell:inst52|FA:inst|7482:inst|8  ; out0             ;
; |METRIX|cell:inst52|FA:inst|7482:inst|3  ; |METRIX|cell:inst52|FA:inst|7482:inst|3  ; out0             ;
; |METRIX|cell:inst52|FA:inst|7482:inst|27 ; |METRIX|cell:inst52|FA:inst|7482:inst|27 ; out0             ;
; |METRIX|cell:inst52|FA:inst|7482:inst|25 ; |METRIX|cell:inst52|FA:inst|7482:inst|25 ; out0             ;
; |METRIX|cell:inst52|FA:inst|7482:inst|17 ; |METRIX|cell:inst52|FA:inst|7482:inst|17 ; out0             ;
; |METRIX|cell:inst52|FA:inst|7482:inst|20 ; |METRIX|cell:inst52|FA:inst|7482:inst|20 ; out0             ;
; |METRIX|cell:inst59|inst1                ; |METRIX|cell:inst59|inst1                ; out0             ;
; |METRIX|cell:inst59|FA:inst|7482:inst|8  ; |METRIX|cell:inst59|FA:inst|7482:inst|8  ; out0             ;
; |METRIX|cell:inst59|FA:inst|7482:inst|3  ; |METRIX|cell:inst59|FA:inst|7482:inst|3  ; out0             ;
; |METRIX|cell:inst59|FA:inst|7482:inst|27 ; |METRIX|cell:inst59|FA:inst|7482:inst|27 ; out0             ;
; |METRIX|cell:inst59|FA:inst|7482:inst|25 ; |METRIX|cell:inst59|FA:inst|7482:inst|25 ; out0             ;
; |METRIX|cell:inst59|FA:inst|7482:inst|17 ; |METRIX|cell:inst59|FA:inst|7482:inst|17 ; out0             ;
; |METRIX|cell:inst59|FA:inst|7482:inst|20 ; |METRIX|cell:inst59|FA:inst|7482:inst|20 ; out0             ;
; |METRIX|cell:inst22|inst1                ; |METRIX|cell:inst22|inst1                ; out0             ;
; |METRIX|cell:inst22|FA:inst|7482:inst|8  ; |METRIX|cell:inst22|FA:inst|7482:inst|8  ; out0             ;
; |METRIX|cell:inst22|FA:inst|7482:inst|3  ; |METRIX|cell:inst22|FA:inst|7482:inst|3  ; out0             ;
; |METRIX|cell:inst22|FA:inst|7482:inst|27 ; |METRIX|cell:inst22|FA:inst|7482:inst|27 ; out0             ;
; |METRIX|cell:inst22|FA:inst|7482:inst|25 ; |METRIX|cell:inst22|FA:inst|7482:inst|25 ; out0             ;
; |METRIX|cell:inst22|FA:inst|7482:inst|17 ; |METRIX|cell:inst22|FA:inst|7482:inst|17 ; out0             ;
; |METRIX|cell:inst22|FA:inst|7482:inst|20 ; |METRIX|cell:inst22|FA:inst|7482:inst|20 ; out0             ;
; |METRIX|cell:inst29|inst1                ; |METRIX|cell:inst29|inst1                ; out0             ;
; |METRIX|cell:inst29|FA:inst|7482:inst|8  ; |METRIX|cell:inst29|FA:inst|7482:inst|8  ; out0             ;
; |METRIX|cell:inst29|FA:inst|7482:inst|3  ; |METRIX|cell:inst29|FA:inst|7482:inst|3  ; out0             ;
; |METRIX|cell:inst29|FA:inst|7482:inst|27 ; |METRIX|cell:inst29|FA:inst|7482:inst|27 ; out0             ;
; |METRIX|cell:inst29|FA:inst|7482:inst|25 ; |METRIX|cell:inst29|FA:inst|7482:inst|25 ; out0             ;
; |METRIX|cell:inst29|FA:inst|7482:inst|17 ; |METRIX|cell:inst29|FA:inst|7482:inst|17 ; out0             ;
; |METRIX|cell:inst29|FA:inst|7482:inst|20 ; |METRIX|cell:inst29|FA:inst|7482:inst|20 ; out0             ;
; |METRIX|cell:inst37|inst1                ; |METRIX|cell:inst37|inst1                ; out0             ;
; |METRIX|cell:inst37|FA:inst|7482:inst|8  ; |METRIX|cell:inst37|FA:inst|7482:inst|8  ; out0             ;
; |METRIX|cell:inst37|FA:inst|7482:inst|3  ; |METRIX|cell:inst37|FA:inst|7482:inst|3  ; out0             ;
; |METRIX|cell:inst37|FA:inst|7482:inst|27 ; |METRIX|cell:inst37|FA:inst|7482:inst|27 ; out0             ;
; |METRIX|cell:inst37|FA:inst|7482:inst|25 ; |METRIX|cell:inst37|FA:inst|7482:inst|25 ; out0             ;
; |METRIX|cell:inst37|FA:inst|7482:inst|17 ; |METRIX|cell:inst37|FA:inst|7482:inst|17 ; out0             ;
; |METRIX|cell:inst37|FA:inst|7482:inst|20 ; |METRIX|cell:inst37|FA:inst|7482:inst|20 ; out0             ;
; |METRIX|cell:inst44|inst1                ; |METRIX|cell:inst44|inst1                ; out0             ;
; |METRIX|cell:inst44|FA:inst|7482:inst|8  ; |METRIX|cell:inst44|FA:inst|7482:inst|8  ; out0             ;
; |METRIX|cell:inst44|FA:inst|7482:inst|3  ; |METRIX|cell:inst44|FA:inst|7482:inst|3  ; out0             ;
; |METRIX|cell:inst44|FA:inst|7482:inst|27 ; |METRIX|cell:inst44|FA:inst|7482:inst|27 ; out0             ;
; |METRIX|cell:inst44|FA:inst|7482:inst|25 ; |METRIX|cell:inst44|FA:inst|7482:inst|25 ; out0             ;
; |METRIX|cell:inst44|FA:inst|7482:inst|17 ; |METRIX|cell:inst44|FA:inst|7482:inst|17 ; out0             ;
; |METRIX|cell:inst44|FA:inst|7482:inst|20 ; |METRIX|cell:inst44|FA:inst|7482:inst|20 ; out0             ;
; |METRIX|cell:inst51|inst1                ; |METRIX|cell:inst51|inst1                ; out0             ;
; |METRIX|cell:inst51|FA:inst|7482:inst|8  ; |METRIX|cell:inst51|FA:inst|7482:inst|8  ; out0             ;
; |METRIX|cell:inst51|FA:inst|7482:inst|3  ; |METRIX|cell:inst51|FA:inst|7482:inst|3  ; out0             ;
; |METRIX|cell:inst51|FA:inst|7482:inst|27 ; |METRIX|cell:inst51|FA:inst|7482:inst|27 ; out0             ;
; |METRIX|cell:inst51|FA:inst|7482:inst|25 ; |METRIX|cell:inst51|FA:inst|7482:inst|25 ; out0             ;
; |METRIX|cell:inst51|FA:inst|7482:inst|17 ; |METRIX|cell:inst51|FA:inst|7482:inst|17 ; out0             ;
; |METRIX|cell:inst51|FA:inst|7482:inst|20 ; |METRIX|cell:inst51|FA:inst|7482:inst|20 ; out0             ;
; |METRIX|cell:inst58|inst1                ; |METRIX|cell:inst58|inst1                ; out0             ;
; |METRIX|cell:inst58|FA:inst|7482:inst|8  ; |METRIX|cell:inst58|FA:inst|7482:inst|8  ; out0             ;
; |METRIX|cell:inst58|FA:inst|7482:inst|3  ; |METRIX|cell:inst58|FA:inst|7482:inst|3  ; out0             ;
; |METRIX|cell:inst58|FA:inst|7482:inst|27 ; |METRIX|cell:inst58|FA:inst|7482:inst|27 ; out0             ;
; |METRIX|cell:inst58|FA:inst|7482:inst|25 ; |METRIX|cell:inst58|FA:inst|7482:inst|25 ; out0             ;
; |METRIX|cell:inst58|FA:inst|7482:inst|17 ; |METRIX|cell:inst58|FA:inst|7482:inst|17 ; out0             ;
; |METRIX|cell:inst58|FA:inst|7482:inst|20 ; |METRIX|cell:inst58|FA:inst|7482:inst|20 ; out0             ;
; |METRIX|cell:inst15|inst1                ; |METRIX|cell:inst15|inst1                ; out0             ;
; |METRIX|cell:inst15|FA:inst|7482:inst|8  ; |METRIX|cell:inst15|FA:inst|7482:inst|8  ; out0             ;
; |METRIX|cell:inst15|FA:inst|7482:inst|25 ; |METRIX|cell:inst15|FA:inst|7482:inst|25 ; out0             ;
; |METRIX|cell:inst15|FA:inst|7482:inst|17 ; |METRIX|cell:inst15|FA:inst|7482:inst|17 ; out0             ;
; |METRIX|cell:inst21|inst1                ; |METRIX|cell:inst21|inst1                ; out0             ;
; |METRIX|cell:inst21|FA:inst|7482:inst|8  ; |METRIX|cell:inst21|FA:inst|7482:inst|8  ; out0             ;
; |METRIX|cell:inst21|FA:inst|7482:inst|3  ; |METRIX|cell:inst21|FA:inst|7482:inst|3  ; out0             ;
; |METRIX|cell:inst21|FA:inst|7482:inst|27 ; |METRIX|cell:inst21|FA:inst|7482:inst|27 ; out0             ;
; |METRIX|cell:inst21|FA:inst|7482:inst|25 ; |METRIX|cell:inst21|FA:inst|7482:inst|25 ; out0             ;
; |METRIX|cell:inst21|FA:inst|7482:inst|17 ; |METRIX|cell:inst21|FA:inst|7482:inst|17 ; out0             ;
; |METRIX|cell:inst21|FA:inst|7482:inst|20 ; |METRIX|cell:inst21|FA:inst|7482:inst|20 ; out0             ;
; |METRIX|cell:inst28|inst1                ; |METRIX|cell:inst28|inst1                ; out0             ;
; |METRIX|cell:inst28|FA:inst|7482:inst|8  ; |METRIX|cell:inst28|FA:inst|7482:inst|8  ; out0             ;
; |METRIX|cell:inst28|FA:inst|7482:inst|3  ; |METRIX|cell:inst28|FA:inst|7482:inst|3  ; out0             ;
; |METRIX|cell:inst28|FA:inst|7482:inst|27 ; |METRIX|cell:inst28|FA:inst|7482:inst|27 ; out0             ;
; |METRIX|cell:inst28|FA:inst|7482:inst|25 ; |METRIX|cell:inst28|FA:inst|7482:inst|25 ; out0             ;
; |METRIX|cell:inst28|FA:inst|7482:inst|17 ; |METRIX|cell:inst28|FA:inst|7482:inst|17 ; out0             ;
; |METRIX|cell:inst28|FA:inst|7482:inst|20 ; |METRIX|cell:inst28|FA:inst|7482:inst|20 ; out0             ;
; |METRIX|cell:inst36|inst1                ; |METRIX|cell:inst36|inst1                ; out0             ;
; |METRIX|cell:inst36|FA:inst|7482:inst|8  ; |METRIX|cell:inst36|FA:inst|7482:inst|8  ; out0             ;
; |METRIX|cell:inst36|FA:inst|7482:inst|3  ; |METRIX|cell:inst36|FA:inst|7482:inst|3  ; out0             ;
; |METRIX|cell:inst36|FA:inst|7482:inst|27 ; |METRIX|cell:inst36|FA:inst|7482:inst|27 ; out0             ;
; |METRIX|cell:inst36|FA:inst|7482:inst|25 ; |METRIX|cell:inst36|FA:inst|7482:inst|25 ; out0             ;
; |METRIX|cell:inst36|FA:inst|7482:inst|17 ; |METRIX|cell:inst36|FA:inst|7482:inst|17 ; out0             ;
; |METRIX|cell:inst36|FA:inst|7482:inst|20 ; |METRIX|cell:inst36|FA:inst|7482:inst|20 ; out0             ;
; |METRIX|cell:inst43|inst1                ; |METRIX|cell:inst43|inst1                ; out0             ;
; |METRIX|cell:inst43|FA:inst|7482:inst|8  ; |METRIX|cell:inst43|FA:inst|7482:inst|8  ; out0             ;
; |METRIX|cell:inst43|FA:inst|7482:inst|3  ; |METRIX|cell:inst43|FA:inst|7482:inst|3  ; out0             ;
; |METRIX|cell:inst43|FA:inst|7482:inst|27 ; |METRIX|cell:inst43|FA:inst|7482:inst|27 ; out0             ;
; |METRIX|cell:inst43|FA:inst|7482:inst|25 ; |METRIX|cell:inst43|FA:inst|7482:inst|25 ; out0             ;
; |METRIX|cell:inst43|FA:inst|7482:inst|17 ; |METRIX|cell:inst43|FA:inst|7482:inst|17 ; out0             ;
; |METRIX|cell:inst43|FA:inst|7482:inst|20 ; |METRIX|cell:inst43|FA:inst|7482:inst|20 ; out0             ;
; |METRIX|cell:inst50|inst1                ; |METRIX|cell:inst50|inst1                ; out0             ;
; |METRIX|cell:inst50|FA:inst|7482:inst|8  ; |METRIX|cell:inst50|FA:inst|7482:inst|8  ; out0             ;
; |METRIX|cell:inst50|FA:inst|7482:inst|3  ; |METRIX|cell:inst50|FA:inst|7482:inst|3  ; out0             ;
; |METRIX|cell:inst50|FA:inst|7482:inst|27 ; |METRIX|cell:inst50|FA:inst|7482:inst|27 ; out0             ;
; |METRIX|cell:inst50|FA:inst|7482:inst|25 ; |METRIX|cell:inst50|FA:inst|7482:inst|25 ; out0             ;
; |METRIX|cell:inst50|FA:inst|7482:inst|17 ; |METRIX|cell:inst50|FA:inst|7482:inst|17 ; out0             ;
; |METRIX|cell:inst50|FA:inst|7482:inst|20 ; |METRIX|cell:inst50|FA:inst|7482:inst|20 ; out0             ;
; |METRIX|cell:inst57|inst1                ; |METRIX|cell:inst57|inst1                ; out0             ;
; |METRIX|cell:inst57|FA:inst|7482:inst|8  ; |METRIX|cell:inst57|FA:inst|7482:inst|8  ; out0             ;
; |METRIX|cell:inst57|FA:inst|7482:inst|3  ; |METRIX|cell:inst57|FA:inst|7482:inst|3  ; out0             ;
; |METRIX|cell:inst57|FA:inst|7482:inst|27 ; |METRIX|cell:inst57|FA:inst|7482:inst|27 ; out0             ;
; |METRIX|cell:inst57|FA:inst|7482:inst|25 ; |METRIX|cell:inst57|FA:inst|7482:inst|25 ; out0             ;
; |METRIX|cell:inst57|FA:inst|7482:inst|17 ; |METRIX|cell:inst57|FA:inst|7482:inst|17 ; out0             ;
; |METRIX|cell:inst57|FA:inst|7482:inst|20 ; |METRIX|cell:inst57|FA:inst|7482:inst|20 ; out0             ;
; |METRIX|cell:inst7|inst1                 ; |METRIX|cell:inst7|inst1                 ; out0             ;
; |METRIX|cell:inst14|inst1                ; |METRIX|cell:inst14|inst1                ; out0             ;
; |METRIX|cell:inst14|FA:inst|7482:inst|8  ; |METRIX|cell:inst14|FA:inst|7482:inst|8  ; out0             ;
; |METRIX|cell:inst14|FA:inst|7482:inst|3  ; |METRIX|cell:inst14|FA:inst|7482:inst|3  ; out0             ;
; |METRIX|cell:inst14|FA:inst|7482:inst|27 ; |METRIX|cell:inst14|FA:inst|7482:inst|27 ; out0             ;
; |METRIX|cell:inst14|FA:inst|7482:inst|25 ; |METRIX|cell:inst14|FA:inst|7482:inst|25 ; out0             ;
; |METRIX|cell:inst14|FA:inst|7482:inst|17 ; |METRIX|cell:inst14|FA:inst|7482:inst|17 ; out0             ;
; |METRIX|cell:inst14|FA:inst|7482:inst|20 ; |METRIX|cell:inst14|FA:inst|7482:inst|20 ; out0             ;
; |METRIX|cell:inst20|inst1                ; |METRIX|cell:inst20|inst1                ; out0             ;
; |METRIX|cell:inst20|FA:inst|7482:inst|8  ; |METRIX|cell:inst20|FA:inst|7482:inst|8  ; out0             ;
; |METRIX|cell:inst20|FA:inst|7482:inst|3  ; |METRIX|cell:inst20|FA:inst|7482:inst|3  ; out0             ;
; |METRIX|cell:inst20|FA:inst|7482:inst|27 ; |METRIX|cell:inst20|FA:inst|7482:inst|27 ; out0             ;
; |METRIX|cell:inst20|FA:inst|7482:inst|25 ; |METRIX|cell:inst20|FA:inst|7482:inst|25 ; out0             ;
; |METRIX|cell:inst20|FA:inst|7482:inst|17 ; |METRIX|cell:inst20|FA:inst|7482:inst|17 ; out0             ;
; |METRIX|cell:inst20|FA:inst|7482:inst|20 ; |METRIX|cell:inst20|FA:inst|7482:inst|20 ; out0             ;
; |METRIX|cell:inst27|inst1                ; |METRIX|cell:inst27|inst1                ; out0             ;
; |METRIX|cell:inst27|FA:inst|7482:inst|8  ; |METRIX|cell:inst27|FA:inst|7482:inst|8  ; out0             ;
; |METRIX|cell:inst27|FA:inst|7482:inst|3  ; |METRIX|cell:inst27|FA:inst|7482:inst|3  ; out0             ;
; |METRIX|cell:inst27|FA:inst|7482:inst|27 ; |METRIX|cell:inst27|FA:inst|7482:inst|27 ; out0             ;
; |METRIX|cell:inst27|FA:inst|7482:inst|25 ; |METRIX|cell:inst27|FA:inst|7482:inst|25 ; out0             ;
; |METRIX|cell:inst27|FA:inst|7482:inst|17 ; |METRIX|cell:inst27|FA:inst|7482:inst|17 ; out0             ;
; |METRIX|cell:inst27|FA:inst|7482:inst|20 ; |METRIX|cell:inst27|FA:inst|7482:inst|20 ; out0             ;
; |METRIX|cell:inst35|inst1                ; |METRIX|cell:inst35|inst1                ; out0             ;
; |METRIX|cell:inst35|FA:inst|7482:inst|8  ; |METRIX|cell:inst35|FA:inst|7482:inst|8  ; out0             ;
; |METRIX|cell:inst35|FA:inst|7482:inst|3  ; |METRIX|cell:inst35|FA:inst|7482:inst|3  ; out0             ;
; |METRIX|cell:inst35|FA:inst|7482:inst|27 ; |METRIX|cell:inst35|FA:inst|7482:inst|27 ; out0             ;
; |METRIX|cell:inst35|FA:inst|7482:inst|25 ; |METRIX|cell:inst35|FA:inst|7482:inst|25 ; out0             ;
; |METRIX|cell:inst35|FA:inst|7482:inst|17 ; |METRIX|cell:inst35|FA:inst|7482:inst|17 ; out0             ;
; |METRIX|cell:inst35|FA:inst|7482:inst|20 ; |METRIX|cell:inst35|FA:inst|7482:inst|20 ; out0             ;
; |METRIX|cell:inst42|inst1                ; |METRIX|cell:inst42|inst1                ; out0             ;
; |METRIX|cell:inst42|FA:inst|7482:inst|8  ; |METRIX|cell:inst42|FA:inst|7482:inst|8  ; out0             ;
; |METRIX|cell:inst42|FA:inst|7482:inst|3  ; |METRIX|cell:inst42|FA:inst|7482:inst|3  ; out0             ;
; |METRIX|cell:inst42|FA:inst|7482:inst|27 ; |METRIX|cell:inst42|FA:inst|7482:inst|27 ; out0             ;
; |METRIX|cell:inst42|FA:inst|7482:inst|25 ; |METRIX|cell:inst42|FA:inst|7482:inst|25 ; out0             ;
; |METRIX|cell:inst42|FA:inst|7482:inst|17 ; |METRIX|cell:inst42|FA:inst|7482:inst|17 ; out0             ;
; |METRIX|cell:inst42|FA:inst|7482:inst|20 ; |METRIX|cell:inst42|FA:inst|7482:inst|20 ; out0             ;
; |METRIX|cell:inst49|inst1                ; |METRIX|cell:inst49|inst1                ; out0             ;
; |METRIX|cell:inst49|FA:inst|7482:inst|8  ; |METRIX|cell:inst49|FA:inst|7482:inst|8  ; out0             ;
; |METRIX|cell:inst49|FA:inst|7482:inst|3  ; |METRIX|cell:inst49|FA:inst|7482:inst|3  ; out0             ;
; |METRIX|cell:inst49|FA:inst|7482:inst|27 ; |METRIX|cell:inst49|FA:inst|7482:inst|27 ; out0             ;
; |METRIX|cell:inst49|FA:inst|7482:inst|25 ; |METRIX|cell:inst49|FA:inst|7482:inst|25 ; out0             ;
; |METRIX|cell:inst49|FA:inst|7482:inst|17 ; |METRIX|cell:inst49|FA:inst|7482:inst|17 ; out0             ;
; |METRIX|cell:inst49|FA:inst|7482:inst|20 ; |METRIX|cell:inst49|FA:inst|7482:inst|20 ; out0             ;
; |METRIX|cell:inst56|inst1                ; |METRIX|cell:inst56|inst1                ; out0             ;
; |METRIX|cell:inst56|FA:inst|7482:inst|3  ; |METRIX|cell:inst56|FA:inst|7482:inst|3  ; out0             ;
; |METRIX|cell:inst56|FA:inst|7482:inst|20 ; |METRIX|cell:inst56|FA:inst|7482:inst|20 ; out0             ;
; |METRIX|cell:inst6|inst1                 ; |METRIX|cell:inst6|inst1                 ; out0             ;
; |METRIX|cell:inst13|inst1                ; |METRIX|cell:inst13|inst1                ; out0             ;
; |METRIX|cell:inst13|FA:inst|7482:inst|8  ; |METRIX|cell:inst13|FA:inst|7482:inst|8  ; out0             ;
; |METRIX|cell:inst13|FA:inst|7482:inst|3  ; |METRIX|cell:inst13|FA:inst|7482:inst|3  ; out0             ;
; |METRIX|cell:inst13|FA:inst|7482:inst|27 ; |METRIX|cell:inst13|FA:inst|7482:inst|27 ; out0             ;
; |METRIX|cell:inst13|FA:inst|7482:inst|25 ; |METRIX|cell:inst13|FA:inst|7482:inst|25 ; out0             ;
; |METRIX|cell:inst13|FA:inst|7482:inst|17 ; |METRIX|cell:inst13|FA:inst|7482:inst|17 ; out0             ;
; |METRIX|cell:inst13|FA:inst|7482:inst|20 ; |METRIX|cell:inst13|FA:inst|7482:inst|20 ; out0             ;
; |METRIX|cell:inst19|inst1                ; |METRIX|cell:inst19|inst1                ; out0             ;
; |METRIX|cell:inst19|FA:inst|7482:inst|8  ; |METRIX|cell:inst19|FA:inst|7482:inst|8  ; out0             ;
; |METRIX|cell:inst19|FA:inst|7482:inst|3  ; |METRIX|cell:inst19|FA:inst|7482:inst|3  ; out0             ;
; |METRIX|cell:inst19|FA:inst|7482:inst|27 ; |METRIX|cell:inst19|FA:inst|7482:inst|27 ; out0             ;
; |METRIX|cell:inst19|FA:inst|7482:inst|25 ; |METRIX|cell:inst19|FA:inst|7482:inst|25 ; out0             ;
; |METRIX|cell:inst19|FA:inst|7482:inst|17 ; |METRIX|cell:inst19|FA:inst|7482:inst|17 ; out0             ;
; |METRIX|cell:inst19|FA:inst|7482:inst|20 ; |METRIX|cell:inst19|FA:inst|7482:inst|20 ; out0             ;
; |METRIX|cell:inst26|inst1                ; |METRIX|cell:inst26|inst1                ; out0             ;
; |METRIX|cell:inst26|FA:inst|7482:inst|8  ; |METRIX|cell:inst26|FA:inst|7482:inst|8  ; out0             ;
; |METRIX|cell:inst26|FA:inst|7482:inst|3  ; |METRIX|cell:inst26|FA:inst|7482:inst|3  ; out0             ;
; |METRIX|cell:inst26|FA:inst|7482:inst|27 ; |METRIX|cell:inst26|FA:inst|7482:inst|27 ; out0             ;
; |METRIX|cell:inst26|FA:inst|7482:inst|25 ; |METRIX|cell:inst26|FA:inst|7482:inst|25 ; out0             ;
; |METRIX|cell:inst26|FA:inst|7482:inst|17 ; |METRIX|cell:inst26|FA:inst|7482:inst|17 ; out0             ;
; |METRIX|cell:inst26|FA:inst|7482:inst|20 ; |METRIX|cell:inst26|FA:inst|7482:inst|20 ; out0             ;
; |METRIX|cell:inst32|inst1                ; |METRIX|cell:inst32|inst1                ; out0             ;
; |METRIX|cell:inst32|FA:inst|7482:inst|8  ; |METRIX|cell:inst32|FA:inst|7482:inst|8  ; out0             ;
; |METRIX|cell:inst32|FA:inst|7482:inst|3  ; |METRIX|cell:inst32|FA:inst|7482:inst|3  ; out0             ;
; |METRIX|cell:inst32|FA:inst|7482:inst|27 ; |METRIX|cell:inst32|FA:inst|7482:inst|27 ; out0             ;
; |METRIX|cell:inst32|FA:inst|7482:inst|25 ; |METRIX|cell:inst32|FA:inst|7482:inst|25 ; out0             ;
; |METRIX|cell:inst32|FA:inst|7482:inst|17 ; |METRIX|cell:inst32|FA:inst|7482:inst|17 ; out0             ;
; |METRIX|cell:inst32|FA:inst|7482:inst|20 ; |METRIX|cell:inst32|FA:inst|7482:inst|20 ; out0             ;
; |METRIX|cell:inst41|inst1                ; |METRIX|cell:inst41|inst1                ; out0             ;
; |METRIX|cell:inst41|FA:inst|7482:inst|8  ; |METRIX|cell:inst41|FA:inst|7482:inst|8  ; out0             ;
; |METRIX|cell:inst41|FA:inst|7482:inst|3  ; |METRIX|cell:inst41|FA:inst|7482:inst|3  ; out0             ;
; |METRIX|cell:inst41|FA:inst|7482:inst|27 ; |METRIX|cell:inst41|FA:inst|7482:inst|27 ; out0             ;
; |METRIX|cell:inst41|FA:inst|7482:inst|25 ; |METRIX|cell:inst41|FA:inst|7482:inst|25 ; out0             ;
; |METRIX|cell:inst41|FA:inst|7482:inst|17 ; |METRIX|cell:inst41|FA:inst|7482:inst|17 ; out0             ;
; |METRIX|cell:inst41|FA:inst|7482:inst|20 ; |METRIX|cell:inst41|FA:inst|7482:inst|20 ; out0             ;
; |METRIX|cell:inst48|inst1                ; |METRIX|cell:inst48|inst1                ; out0             ;
; |METRIX|cell:inst48|FA:inst|7482:inst|3  ; |METRIX|cell:inst48|FA:inst|7482:inst|3  ; out0             ;
; |METRIX|cell:inst48|FA:inst|7482:inst|20 ; |METRIX|cell:inst48|FA:inst|7482:inst|20 ; out0             ;
; |METRIX|cell:inst5|inst1                 ; |METRIX|cell:inst5|inst1                 ; out0             ;
; |METRIX|cell:inst12|inst1                ; |METRIX|cell:inst12|inst1                ; out0             ;
; |METRIX|cell:inst12|FA:inst|7482:inst|8  ; |METRIX|cell:inst12|FA:inst|7482:inst|8  ; out0             ;
; |METRIX|cell:inst12|FA:inst|7482:inst|3  ; |METRIX|cell:inst12|FA:inst|7482:inst|3  ; out0             ;
; |METRIX|cell:inst12|FA:inst|7482:inst|27 ; |METRIX|cell:inst12|FA:inst|7482:inst|27 ; out0             ;
; |METRIX|cell:inst12|FA:inst|7482:inst|25 ; |METRIX|cell:inst12|FA:inst|7482:inst|25 ; out0             ;
; |METRIX|cell:inst12|FA:inst|7482:inst|17 ; |METRIX|cell:inst12|FA:inst|7482:inst|17 ; out0             ;
; |METRIX|cell:inst12|FA:inst|7482:inst|20 ; |METRIX|cell:inst12|FA:inst|7482:inst|20 ; out0             ;
; |METRIX|cell:inst18|inst1                ; |METRIX|cell:inst18|inst1                ; out0             ;
; |METRIX|cell:inst18|FA:inst|7482:inst|8  ; |METRIX|cell:inst18|FA:inst|7482:inst|8  ; out0             ;
; |METRIX|cell:inst18|FA:inst|7482:inst|3  ; |METRIX|cell:inst18|FA:inst|7482:inst|3  ; out0             ;
; |METRIX|cell:inst18|FA:inst|7482:inst|27 ; |METRIX|cell:inst18|FA:inst|7482:inst|27 ; out0             ;
; |METRIX|cell:inst18|FA:inst|7482:inst|25 ; |METRIX|cell:inst18|FA:inst|7482:inst|25 ; out0             ;
; |METRIX|cell:inst18|FA:inst|7482:inst|17 ; |METRIX|cell:inst18|FA:inst|7482:inst|17 ; out0             ;
; |METRIX|cell:inst18|FA:inst|7482:inst|20 ; |METRIX|cell:inst18|FA:inst|7482:inst|20 ; out0             ;
; |METRIX|cell:inst25|inst1                ; |METRIX|cell:inst25|inst1                ; out0             ;
; |METRIX|cell:inst25|FA:inst|7482:inst|8  ; |METRIX|cell:inst25|FA:inst|7482:inst|8  ; out0             ;
; |METRIX|cell:inst25|FA:inst|7482:inst|3  ; |METRIX|cell:inst25|FA:inst|7482:inst|3  ; out0             ;
; |METRIX|cell:inst25|FA:inst|7482:inst|27 ; |METRIX|cell:inst25|FA:inst|7482:inst|27 ; out0             ;
; |METRIX|cell:inst25|FA:inst|7482:inst|25 ; |METRIX|cell:inst25|FA:inst|7482:inst|25 ; out0             ;
; |METRIX|cell:inst25|FA:inst|7482:inst|17 ; |METRIX|cell:inst25|FA:inst|7482:inst|17 ; out0             ;
; |METRIX|cell:inst25|FA:inst|7482:inst|20 ; |METRIX|cell:inst25|FA:inst|7482:inst|20 ; out0             ;
; |METRIX|cell:inst31|inst1                ; |METRIX|cell:inst31|inst1                ; out0             ;
; |METRIX|cell:inst31|FA:inst|7482:inst|8  ; |METRIX|cell:inst31|FA:inst|7482:inst|8  ; out0             ;
; |METRIX|cell:inst31|FA:inst|7482:inst|3  ; |METRIX|cell:inst31|FA:inst|7482:inst|3  ; out0             ;
; |METRIX|cell:inst31|FA:inst|7482:inst|27 ; |METRIX|cell:inst31|FA:inst|7482:inst|27 ; out0             ;
; |METRIX|cell:inst31|FA:inst|7482:inst|25 ; |METRIX|cell:inst31|FA:inst|7482:inst|25 ; out0             ;
; |METRIX|cell:inst31|FA:inst|7482:inst|17 ; |METRIX|cell:inst31|FA:inst|7482:inst|17 ; out0             ;
; |METRIX|cell:inst31|FA:inst|7482:inst|20 ; |METRIX|cell:inst31|FA:inst|7482:inst|20 ; out0             ;
; |METRIX|cell:inst40|inst1                ; |METRIX|cell:inst40|inst1                ; out0             ;
; |METRIX|cell:inst40|FA:inst|7482:inst|3  ; |METRIX|cell:inst40|FA:inst|7482:inst|3  ; out0             ;
; |METRIX|cell:inst40|FA:inst|7482:inst|20 ; |METRIX|cell:inst40|FA:inst|7482:inst|20 ; out0             ;
; |METRIX|cell:inst4|inst1                 ; |METRIX|cell:inst4|inst1                 ; out0             ;
; |METRIX|cell:inst11|inst1                ; |METRIX|cell:inst11|inst1                ; out0             ;
; |METRIX|cell:inst11|FA:inst|7482:inst|8  ; |METRIX|cell:inst11|FA:inst|7482:inst|8  ; out0             ;
; |METRIX|cell:inst11|FA:inst|7482:inst|3  ; |METRIX|cell:inst11|FA:inst|7482:inst|3  ; out0             ;
; |METRIX|cell:inst11|FA:inst|7482:inst|27 ; |METRIX|cell:inst11|FA:inst|7482:inst|27 ; out0             ;
; |METRIX|cell:inst11|FA:inst|7482:inst|25 ; |METRIX|cell:inst11|FA:inst|7482:inst|25 ; out0             ;
; |METRIX|cell:inst11|FA:inst|7482:inst|17 ; |METRIX|cell:inst11|FA:inst|7482:inst|17 ; out0             ;
; |METRIX|cell:inst11|FA:inst|7482:inst|20 ; |METRIX|cell:inst11|FA:inst|7482:inst|20 ; out0             ;
; |METRIX|cell:inst17|inst1                ; |METRIX|cell:inst17|inst1                ; out0             ;
; |METRIX|cell:inst17|FA:inst|7482:inst|8  ; |METRIX|cell:inst17|FA:inst|7482:inst|8  ; out0             ;
; |METRIX|cell:inst17|FA:inst|7482:inst|3  ; |METRIX|cell:inst17|FA:inst|7482:inst|3  ; out0             ;
; |METRIX|cell:inst17|FA:inst|7482:inst|27 ; |METRIX|cell:inst17|FA:inst|7482:inst|27 ; out0             ;
; |METRIX|cell:inst17|FA:inst|7482:inst|25 ; |METRIX|cell:inst17|FA:inst|7482:inst|25 ; out0             ;
; |METRIX|cell:inst17|FA:inst|7482:inst|17 ; |METRIX|cell:inst17|FA:inst|7482:inst|17 ; out0             ;
; |METRIX|cell:inst17|FA:inst|7482:inst|20 ; |METRIX|cell:inst17|FA:inst|7482:inst|20 ; out0             ;
; |METRIX|cell:inst24|inst1                ; |METRIX|cell:inst24|inst1                ; out0             ;
; |METRIX|cell:inst24|FA:inst|7482:inst|8  ; |METRIX|cell:inst24|FA:inst|7482:inst|8  ; out0             ;
; |METRIX|cell:inst24|FA:inst|7482:inst|3  ; |METRIX|cell:inst24|FA:inst|7482:inst|3  ; out0             ;
; |METRIX|cell:inst24|FA:inst|7482:inst|27 ; |METRIX|cell:inst24|FA:inst|7482:inst|27 ; out0             ;
; |METRIX|cell:inst24|FA:inst|7482:inst|25 ; |METRIX|cell:inst24|FA:inst|7482:inst|25 ; out0             ;
; |METRIX|cell:inst24|FA:inst|7482:inst|17 ; |METRIX|cell:inst24|FA:inst|7482:inst|17 ; out0             ;
; |METRIX|cell:inst24|FA:inst|7482:inst|20 ; |METRIX|cell:inst24|FA:inst|7482:inst|20 ; out0             ;
; |METRIX|cell:inst34|inst1                ; |METRIX|cell:inst34|inst1                ; out0             ;
; |METRIX|cell:inst34|FA:inst|7482:inst|3  ; |METRIX|cell:inst34|FA:inst|7482:inst|3  ; out0             ;
; |METRIX|cell:inst34|FA:inst|7482:inst|20 ; |METRIX|cell:inst34|FA:inst|7482:inst|20 ; out0             ;
; |METRIX|cell:inst3|inst1                 ; |METRIX|cell:inst3|inst1                 ; out0             ;
; |METRIX|cell:inst10|inst1                ; |METRIX|cell:inst10|inst1                ; out0             ;
; |METRIX|cell:inst10|FA:inst|7482:inst|8  ; |METRIX|cell:inst10|FA:inst|7482:inst|8  ; out0             ;
; |METRIX|cell:inst10|FA:inst|7482:inst|3  ; |METRIX|cell:inst10|FA:inst|7482:inst|3  ; out0             ;
; |METRIX|cell:inst10|FA:inst|7482:inst|27 ; |METRIX|cell:inst10|FA:inst|7482:inst|27 ; out0             ;
; |METRIX|cell:inst10|FA:inst|7482:inst|25 ; |METRIX|cell:inst10|FA:inst|7482:inst|25 ; out0             ;
; |METRIX|cell:inst10|FA:inst|7482:inst|17 ; |METRIX|cell:inst10|FA:inst|7482:inst|17 ; out0             ;
; |METRIX|cell:inst10|FA:inst|7482:inst|20 ; |METRIX|cell:inst10|FA:inst|7482:inst|20 ; out0             ;
; |METRIX|cell:inst16|inst1                ; |METRIX|cell:inst16|inst1                ; out0             ;
; |METRIX|cell:inst16|FA:inst|7482:inst|8  ; |METRIX|cell:inst16|FA:inst|7482:inst|8  ; out0             ;
; |METRIX|cell:inst16|FA:inst|7482:inst|3  ; |METRIX|cell:inst16|FA:inst|7482:inst|3  ; out0             ;
; |METRIX|cell:inst16|FA:inst|7482:inst|27 ; |METRIX|cell:inst16|FA:inst|7482:inst|27 ; out0             ;
; |METRIX|cell:inst16|FA:inst|7482:inst|25 ; |METRIX|cell:inst16|FA:inst|7482:inst|25 ; out0             ;
; |METRIX|cell:inst16|FA:inst|7482:inst|17 ; |METRIX|cell:inst16|FA:inst|7482:inst|17 ; out0             ;
; |METRIX|cell:inst16|FA:inst|7482:inst|20 ; |METRIX|cell:inst16|FA:inst|7482:inst|20 ; out0             ;
; |METRIX|cell:inst23|inst1                ; |METRIX|cell:inst23|inst1                ; out0             ;
; |METRIX|cell:inst23|FA:inst|7482:inst|3  ; |METRIX|cell:inst23|FA:inst|7482:inst|3  ; out0             ;
; |METRIX|cell:inst23|FA:inst|7482:inst|20 ; |METRIX|cell:inst23|FA:inst|7482:inst|20 ; out0             ;
; |METRIX|cell:inst2|inst1                 ; |METRIX|cell:inst2|inst1                 ; out0             ;
; |METRIX|cell:inst8|inst1                 ; |METRIX|cell:inst8|inst1                 ; out0             ;
; |METRIX|cell:inst8|FA:inst|7482:inst|8   ; |METRIX|cell:inst8|FA:inst|7482:inst|8   ; out0             ;
; |METRIX|cell:inst8|FA:inst|7482:inst|3   ; |METRIX|cell:inst8|FA:inst|7482:inst|3   ; out0             ;
; |METRIX|cell:inst8|FA:inst|7482:inst|27  ; |METRIX|cell:inst8|FA:inst|7482:inst|27  ; out0             ;
; |METRIX|cell:inst8|FA:inst|7482:inst|25  ; |METRIX|cell:inst8|FA:inst|7482:inst|25  ; out0             ;
; |METRIX|cell:inst8|FA:inst|7482:inst|17  ; |METRIX|cell:inst8|FA:inst|7482:inst|17  ; out0             ;
; |METRIX|cell:inst8|FA:inst|7482:inst|20  ; |METRIX|cell:inst8|FA:inst|7482:inst|20  ; out0             ;
; |METRIX|cell:inst33|inst1                ; |METRIX|cell:inst33|inst1                ; out0             ;
; |METRIX|cell:inst33|FA:inst|7482:inst|3  ; |METRIX|cell:inst33|FA:inst|7482:inst|3  ; out0             ;
; |METRIX|cell:inst33|FA:inst|7482:inst|20 ; |METRIX|cell:inst33|FA:inst|7482:inst|20 ; out0             ;
; |METRIX|cell:inst1|inst1                 ; |METRIX|cell:inst1|inst1                 ; out0             ;
; |METRIX|cell:inst9|inst1                 ; |METRIX|cell:inst9|inst1                 ; out0             ;
; |METRIX|cell:inst9|FA:inst|7482:inst|3   ; |METRIX|cell:inst9|FA:inst|7482:inst|3   ; out0             ;
; |METRIX|cell:inst9|FA:inst|7482:inst|20  ; |METRIX|cell:inst9|FA:inst|7482:inst|20  ; out0             ;
; |METRIX|cell:inst|inst1                  ; |METRIX|cell:inst|inst1                  ; out0             ;
+------------------------------------------+------------------------------------------+------------------+


The following table displays output ports that do not toggle to 0 during simulation.
+--------------------------------------------------------------------------------------------------------+
; Missing 0-Value Coverage                                                                               ;
+------------------------------------------+------------------------------------------+------------------+
; Node Name                                ; Output Port Name                         ; Output Port Type ;
+------------------------------------------+------------------------------------------+------------------+
; |METRIX|p0                               ; |METRIX|p0                               ; pin_out          ;
; |METRIX|a0                               ; |METRIX|a0                               ; out              ;
; |METRIX|b0                               ; |METRIX|b0                               ; out              ;
; |METRIX|p1                               ; |METRIX|p1                               ; pin_out          ;
; |METRIX|a1                               ; |METRIX|a1                               ; out              ;
; |METRIX|b1                               ; |METRIX|b1                               ; out              ;
; |METRIX|p2                               ; |METRIX|p2                               ; pin_out          ;
; |METRIX|a2                               ; |METRIX|a2                               ; out              ;
; |METRIX|b2                               ; |METRIX|b2                               ; out              ;
; |METRIX|p3                               ; |METRIX|p3                               ; pin_out          ;
; |METRIX|a3                               ; |METRIX|a3                               ; out              ;
; |METRIX|b3                               ; |METRIX|b3                               ; out              ;
; |METRIX|p4                               ; |METRIX|p4                               ; pin_out          ;
; |METRIX|a4                               ; |METRIX|a4                               ; out              ;
; |METRIX|b4                               ; |METRIX|b4                               ; out              ;
; |METRIX|p5                               ; |METRIX|p5                               ; pin_out          ;
; |METRIX|a5                               ; |METRIX|a5                               ; out              ;
; |METRIX|b5                               ; |METRIX|b5                               ; out              ;
; |METRIX|p6                               ; |METRIX|p6                               ; pin_out          ;
; |METRIX|a6                               ; |METRIX|a6                               ; out              ;
; |METRIX|b6                               ; |METRIX|b6                               ; out              ;
; |METRIX|p7                               ; |METRIX|p7                               ; pin_out          ;
; |METRIX|a7                               ; |METRIX|a7                               ; out              ;
; |METRIX|b7                               ; |METRIX|b7                               ; out              ;
; |METRIX|p8                               ; |METRIX|p8                               ; pin_out          ;
; |METRIX|p9                               ; |METRIX|p9                               ; pin_out          ;
; |METRIX|p10                              ; |METRIX|p10                              ; pin_out          ;
; |METRIX|p11                              ; |METRIX|p11                              ; pin_out          ;
; |METRIX|p12                              ; |METRIX|p12                              ; pin_out          ;
; |METRIX|p13                              ; |METRIX|p13                              ; pin_out          ;
; |METRIX|p14                              ; |METRIX|p14                              ; pin_out          ;
; |METRIX|p15                              ; |METRIX|p15                              ; pin_out          ;
; |METRIX|cell:inst63|inst1                ; |METRIX|cell:inst63|inst1                ; out0             ;
; |METRIX|cell:inst63|FA:inst|7482:inst|8  ; |METRIX|cell:inst63|FA:inst|7482:inst|8  ; out0             ;
; |METRIX|cell:inst63|FA:inst|7482:inst|3  ; |METRIX|cell:inst63|FA:inst|7482:inst|3  ; out0             ;
; |METRIX|cell:inst63|FA:inst|7482:inst|27 ; |METRIX|cell:inst63|FA:inst|7482:inst|27 ; out0             ;
; |METRIX|cell:inst63|FA:inst|7482:inst|25 ; |METRIX|cell:inst63|FA:inst|7482:inst|25 ; out0             ;
; |METRIX|cell:inst63|FA:inst|7482:inst|17 ; |METRIX|cell:inst63|FA:inst|7482:inst|17 ; out0             ;
; |METRIX|cell:inst63|FA:inst|7482:inst|20 ; |METRIX|cell:inst63|FA:inst|7482:inst|20 ; out0             ;
; |METRIX|cell:inst55|inst1                ; |METRIX|cell:inst55|inst1                ; out0             ;
; |METRIX|cell:inst55|FA:inst|7482:inst|8  ; |METRIX|cell:inst55|FA:inst|7482:inst|8  ; out0             ;
; |METRIX|cell:inst55|FA:inst|7482:inst|3  ; |METRIX|cell:inst55|FA:inst|7482:inst|3  ; out0             ;
; |METRIX|cell:inst55|FA:inst|7482:inst|27 ; |METRIX|cell:inst55|FA:inst|7482:inst|27 ; out0             ;
; |METRIX|cell:inst55|FA:inst|7482:inst|25 ; |METRIX|cell:inst55|FA:inst|7482:inst|25 ; out0             ;
; |METRIX|cell:inst55|FA:inst|7482:inst|17 ; |METRIX|cell:inst55|FA:inst|7482:inst|17 ; out0             ;
; |METRIX|cell:inst55|FA:inst|7482:inst|20 ; |METRIX|cell:inst55|FA:inst|7482:inst|20 ; out0             ;
; |METRIX|cell:inst62|inst1                ; |METRIX|cell:inst62|inst1                ; out0             ;
; |METRIX|cell:inst62|FA:inst|7482:inst|8  ; |METRIX|cell:inst62|FA:inst|7482:inst|8  ; out0             ;
; |METRIX|cell:inst62|FA:inst|7482:inst|3  ; |METRIX|cell:inst62|FA:inst|7482:inst|3  ; out0             ;
; |METRIX|cell:inst62|FA:inst|7482:inst|27 ; |METRIX|cell:inst62|FA:inst|7482:inst|27 ; out0             ;
; |METRIX|cell:inst62|FA:inst|7482:inst|25 ; |METRIX|cell:inst62|FA:inst|7482:inst|25 ; out0             ;
; |METRIX|cell:inst62|FA:inst|7482:inst|17 ; |METRIX|cell:inst62|FA:inst|7482:inst|17 ; out0             ;
; |METRIX|cell:inst62|FA:inst|7482:inst|20 ; |METRIX|cell:inst62|FA:inst|7482:inst|20 ; out0             ;
; |METRIX|cell:inst47|inst1                ; |METRIX|cell:inst47|inst1                ; out0             ;
; |METRIX|cell:inst47|FA:inst|7482:inst|8  ; |METRIX|cell:inst47|FA:inst|7482:inst|8  ; out0             ;
; |METRIX|cell:inst47|FA:inst|7482:inst|3  ; |METRIX|cell:inst47|FA:inst|7482:inst|3  ; out0             ;
; |METRIX|cell:inst47|FA:inst|7482:inst|27 ; |METRIX|cell:inst47|FA:inst|7482:inst|27 ; out0             ;
; |METRIX|cell:inst47|FA:inst|7482:inst|25 ; |METRIX|cell:inst47|FA:inst|7482:inst|25 ; out0             ;
; |METRIX|cell:inst47|FA:inst|7482:inst|17 ; |METRIX|cell:inst47|FA:inst|7482:inst|17 ; out0             ;
; |METRIX|cell:inst47|FA:inst|7482:inst|20 ; |METRIX|cell:inst47|FA:inst|7482:inst|20 ; out0             ;
; |METRIX|cell:inst54|inst1                ; |METRIX|cell:inst54|inst1                ; out0             ;
; |METRIX|cell:inst54|FA:inst|7482:inst|8  ; |METRIX|cell:inst54|FA:inst|7482:inst|8  ; out0             ;
; |METRIX|cell:inst54|FA:inst|7482:inst|3  ; |METRIX|cell:inst54|FA:inst|7482:inst|3  ; out0             ;
; |METRIX|cell:inst54|FA:inst|7482:inst|27 ; |METRIX|cell:inst54|FA:inst|7482:inst|27 ; out0             ;
; |METRIX|cell:inst54|FA:inst|7482:inst|25 ; |METRIX|cell:inst54|FA:inst|7482:inst|25 ; out0             ;
; |METRIX|cell:inst54|FA:inst|7482:inst|17 ; |METRIX|cell:inst54|FA:inst|7482:inst|17 ; out0             ;
; |METRIX|cell:inst54|FA:inst|7482:inst|20 ; |METRIX|cell:inst54|FA:inst|7482:inst|20 ; out0             ;
; |METRIX|cell:inst61|inst1                ; |METRIX|cell:inst61|inst1                ; out0             ;
; |METRIX|cell:inst61|FA:inst|7482:inst|8  ; |METRIX|cell:inst61|FA:inst|7482:inst|8  ; out0             ;
; |METRIX|cell:inst61|FA:inst|7482:inst|3  ; |METRIX|cell:inst61|FA:inst|7482:inst|3  ; out0             ;
; |METRIX|cell:inst61|FA:inst|7482:inst|27 ; |METRIX|cell:inst61|FA:inst|7482:inst|27 ; out0             ;
; |METRIX|cell:inst61|FA:inst|7482:inst|25 ; |METRIX|cell:inst61|FA:inst|7482:inst|25 ; out0             ;
; |METRIX|cell:inst61|FA:inst|7482:inst|17 ; |METRIX|cell:inst61|FA:inst|7482:inst|17 ; out0             ;
; |METRIX|cell:inst61|FA:inst|7482:inst|20 ; |METRIX|cell:inst61|FA:inst|7482:inst|20 ; out0             ;
; |METRIX|cell:inst39|inst1                ; |METRIX|cell:inst39|inst1                ; out0             ;
; |METRIX|cell:inst39|FA:inst|7482:inst|8  ; |METRIX|cell:inst39|FA:inst|7482:inst|8  ; out0             ;
; |METRIX|cell:inst39|FA:inst|7482:inst|3  ; |METRIX|cell:inst39|FA:inst|7482:inst|3  ; out0             ;
; |METRIX|cell:inst39|FA:inst|7482:inst|27 ; |METRIX|cell:inst39|FA:inst|7482:inst|27 ; out0             ;
; |METRIX|cell:inst39|FA:inst|7482:inst|25 ; |METRIX|cell:inst39|FA:inst|7482:inst|25 ; out0             ;
; |METRIX|cell:inst39|FA:inst|7482:inst|17 ; |METRIX|cell:inst39|FA:inst|7482:inst|17 ; out0             ;
; |METRIX|cell:inst39|FA:inst|7482:inst|20 ; |METRIX|cell:inst39|FA:inst|7482:inst|20 ; out0             ;
; |METRIX|cell:inst46|inst1                ; |METRIX|cell:inst46|inst1                ; out0             ;
; |METRIX|cell:inst46|FA:inst|7482:inst|8  ; |METRIX|cell:inst46|FA:inst|7482:inst|8  ; out0             ;
; |METRIX|cell:inst46|FA:inst|7482:inst|3  ; |METRIX|cell:inst46|FA:inst|7482:inst|3  ; out0             ;
; |METRIX|cell:inst46|FA:inst|7482:inst|27 ; |METRIX|cell:inst46|FA:inst|7482:inst|27 ; out0             ;
; |METRIX|cell:inst46|FA:inst|7482:inst|25 ; |METRIX|cell:inst46|FA:inst|7482:inst|25 ; out0             ;
; |METRIX|cell:inst46|FA:inst|7482:inst|17 ; |METRIX|cell:inst46|FA:inst|7482:inst|17 ; out0             ;
; |METRIX|cell:inst46|FA:inst|7482:inst|20 ; |METRIX|cell:inst46|FA:inst|7482:inst|20 ; out0             ;
; |METRIX|cell:inst53|inst1                ; |METRIX|cell:inst53|inst1                ; out0             ;
; |METRIX|cell:inst53|FA:inst|7482:inst|8  ; |METRIX|cell:inst53|FA:inst|7482:inst|8  ; out0             ;
; |METRIX|cell:inst53|FA:inst|7482:inst|3  ; |METRIX|cell:inst53|FA:inst|7482:inst|3  ; out0             ;
; |METRIX|cell:inst53|FA:inst|7482:inst|27 ; |METRIX|cell:inst53|FA:inst|7482:inst|27 ; out0             ;
; |METRIX|cell:inst53|FA:inst|7482:inst|25 ; |METRIX|cell:inst53|FA:inst|7482:inst|25 ; out0             ;
; |METRIX|cell:inst53|FA:inst|7482:inst|17 ; |METRIX|cell:inst53|FA:inst|7482:inst|17 ; out0             ;
; |METRIX|cell:inst53|FA:inst|7482:inst|20 ; |METRIX|cell:inst53|FA:inst|7482:inst|20 ; out0             ;
; |METRIX|cell:inst60|inst1                ; |METRIX|cell:inst60|inst1                ; out0             ;
; |METRIX|cell:inst60|FA:inst|7482:inst|8  ; |METRIX|cell:inst60|FA:inst|7482:inst|8  ; out0             ;
; |METRIX|cell:inst60|FA:inst|7482:inst|3  ; |METRIX|cell:inst60|FA:inst|7482:inst|3  ; out0             ;
; |METRIX|cell:inst60|FA:inst|7482:inst|27 ; |METRIX|cell:inst60|FA:inst|7482:inst|27 ; out0             ;
; |METRIX|cell:inst60|FA:inst|7482:inst|25 ; |METRIX|cell:inst60|FA:inst|7482:inst|25 ; out0             ;
; |METRIX|cell:inst60|FA:inst|7482:inst|17 ; |METRIX|cell:inst60|FA:inst|7482:inst|17 ; out0             ;
; |METRIX|cell:inst60|FA:inst|7482:inst|20 ; |METRIX|cell:inst60|FA:inst|7482:inst|20 ; out0             ;
; |METRIX|cell:inst30|inst1                ; |METRIX|cell:inst30|inst1                ; out0             ;
; |METRIX|cell:inst30|FA:inst|7482:inst|8  ; |METRIX|cell:inst30|FA:inst|7482:inst|8  ; out0             ;
; |METRIX|cell:inst30|FA:inst|7482:inst|3  ; |METRIX|cell:inst30|FA:inst|7482:inst|3  ; out0             ;
; |METRIX|cell:inst30|FA:inst|7482:inst|27 ; |METRIX|cell:inst30|FA:inst|7482:inst|27 ; out0             ;
; |METRIX|cell:inst30|FA:inst|7482:inst|25 ; |METRIX|cell:inst30|FA:inst|7482:inst|25 ; out0             ;
; |METRIX|cell:inst30|FA:inst|7482:inst|17 ; |METRIX|cell:inst30|FA:inst|7482:inst|17 ; out0             ;
; |METRIX|cell:inst30|FA:inst|7482:inst|20 ; |METRIX|cell:inst30|FA:inst|7482:inst|20 ; out0             ;
; |METRIX|cell:inst38|inst1                ; |METRIX|cell:inst38|inst1                ; out0             ;
; |METRIX|cell:inst38|FA:inst|7482:inst|8  ; |METRIX|cell:inst38|FA:inst|7482:inst|8  ; out0             ;
; |METRIX|cell:inst38|FA:inst|7482:inst|3  ; |METRIX|cell:inst38|FA:inst|7482:inst|3  ; out0             ;
; |METRIX|cell:inst38|FA:inst|7482:inst|27 ; |METRIX|cell:inst38|FA:inst|7482:inst|27 ; out0             ;
; |METRIX|cell:inst38|FA:inst|7482:inst|25 ; |METRIX|cell:inst38|FA:inst|7482:inst|25 ; out0             ;
; |METRIX|cell:inst38|FA:inst|7482:inst|17 ; |METRIX|cell:inst38|FA:inst|7482:inst|17 ; out0             ;
; |METRIX|cell:inst38|FA:inst|7482:inst|20 ; |METRIX|cell:inst38|FA:inst|7482:inst|20 ; out0             ;
; |METRIX|cell:inst45|inst1                ; |METRIX|cell:inst45|inst1                ; out0             ;
; |METRIX|cell:inst45|FA:inst|7482:inst|8  ; |METRIX|cell:inst45|FA:inst|7482:inst|8  ; out0             ;
; |METRIX|cell:inst45|FA:inst|7482:inst|3  ; |METRIX|cell:inst45|FA:inst|7482:inst|3  ; out0             ;
; |METRIX|cell:inst45|FA:inst|7482:inst|27 ; |METRIX|cell:inst45|FA:inst|7482:inst|27 ; out0             ;
; |METRIX|cell:inst45|FA:inst|7482:inst|25 ; |METRIX|cell:inst45|FA:inst|7482:inst|25 ; out0             ;
; |METRIX|cell:inst45|FA:inst|7482:inst|17 ; |METRIX|cell:inst45|FA:inst|7482:inst|17 ; out0             ;
; |METRIX|cell:inst45|FA:inst|7482:inst|20 ; |METRIX|cell:inst45|FA:inst|7482:inst|20 ; out0             ;
; |METRIX|cell:inst52|inst1                ; |METRIX|cell:inst52|inst1                ; out0             ;
; |METRIX|cell:inst52|FA:inst|7482:inst|8  ; |METRIX|cell:inst52|FA:inst|7482:inst|8  ; out0             ;
; |METRIX|cell:inst52|FA:inst|7482:inst|3  ; |METRIX|cell:inst52|FA:inst|7482:inst|3  ; out0             ;
; |METRIX|cell:inst52|FA:inst|7482:inst|27 ; |METRIX|cell:inst52|FA:inst|7482:inst|27 ; out0             ;
; |METRIX|cell:inst52|FA:inst|7482:inst|25 ; |METRIX|cell:inst52|FA:inst|7482:inst|25 ; out0             ;
; |METRIX|cell:inst52|FA:inst|7482:inst|17 ; |METRIX|cell:inst52|FA:inst|7482:inst|17 ; out0             ;
; |METRIX|cell:inst52|FA:inst|7482:inst|20 ; |METRIX|cell:inst52|FA:inst|7482:inst|20 ; out0             ;
; |METRIX|cell:inst59|inst1                ; |METRIX|cell:inst59|inst1                ; out0             ;
; |METRIX|cell:inst59|FA:inst|7482:inst|8  ; |METRIX|cell:inst59|FA:inst|7482:inst|8  ; out0             ;
; |METRIX|cell:inst59|FA:inst|7482:inst|3  ; |METRIX|cell:inst59|FA:inst|7482:inst|3  ; out0             ;
; |METRIX|cell:inst59|FA:inst|7482:inst|27 ; |METRIX|cell:inst59|FA:inst|7482:inst|27 ; out0             ;
; |METRIX|cell:inst59|FA:inst|7482:inst|25 ; |METRIX|cell:inst59|FA:inst|7482:inst|25 ; out0             ;
; |METRIX|cell:inst59|FA:inst|7482:inst|17 ; |METRIX|cell:inst59|FA:inst|7482:inst|17 ; out0             ;
; |METRIX|cell:inst59|FA:inst|7482:inst|20 ; |METRIX|cell:inst59|FA:inst|7482:inst|20 ; out0             ;
; |METRIX|cell:inst22|inst1                ; |METRIX|cell:inst22|inst1                ; out0             ;
; |METRIX|cell:inst22|FA:inst|7482:inst|8  ; |METRIX|cell:inst22|FA:inst|7482:inst|8  ; out0             ;
; |METRIX|cell:inst22|FA:inst|7482:inst|3  ; |METRIX|cell:inst22|FA:inst|7482:inst|3  ; out0             ;
; |METRIX|cell:inst22|FA:inst|7482:inst|27 ; |METRIX|cell:inst22|FA:inst|7482:inst|27 ; out0             ;
; |METRIX|cell:inst22|FA:inst|7482:inst|25 ; |METRIX|cell:inst22|FA:inst|7482:inst|25 ; out0             ;
; |METRIX|cell:inst22|FA:inst|7482:inst|17 ; |METRIX|cell:inst22|FA:inst|7482:inst|17 ; out0             ;
; |METRIX|cell:inst22|FA:inst|7482:inst|20 ; |METRIX|cell:inst22|FA:inst|7482:inst|20 ; out0             ;
; |METRIX|cell:inst29|inst1                ; |METRIX|cell:inst29|inst1                ; out0             ;
; |METRIX|cell:inst29|FA:inst|7482:inst|8  ; |METRIX|cell:inst29|FA:inst|7482:inst|8  ; out0             ;
; |METRIX|cell:inst29|FA:inst|7482:inst|3  ; |METRIX|cell:inst29|FA:inst|7482:inst|3  ; out0             ;
; |METRIX|cell:inst29|FA:inst|7482:inst|27 ; |METRIX|cell:inst29|FA:inst|7482:inst|27 ; out0             ;
; |METRIX|cell:inst29|FA:inst|7482:inst|25 ; |METRIX|cell:inst29|FA:inst|7482:inst|25 ; out0             ;
; |METRIX|cell:inst29|FA:inst|7482:inst|17 ; |METRIX|cell:inst29|FA:inst|7482:inst|17 ; out0             ;
; |METRIX|cell:inst29|FA:inst|7482:inst|20 ; |METRIX|cell:inst29|FA:inst|7482:inst|20 ; out0             ;
; |METRIX|cell:inst37|inst1                ; |METRIX|cell:inst37|inst1                ; out0             ;
; |METRIX|cell:inst37|FA:inst|7482:inst|8  ; |METRIX|cell:inst37|FA:inst|7482:inst|8  ; out0             ;
; |METRIX|cell:inst37|FA:inst|7482:inst|3  ; |METRIX|cell:inst37|FA:inst|7482:inst|3  ; out0             ;
; |METRIX|cell:inst37|FA:inst|7482:inst|27 ; |METRIX|cell:inst37|FA:inst|7482:inst|27 ; out0             ;
; |METRIX|cell:inst37|FA:inst|7482:inst|25 ; |METRIX|cell:inst37|FA:inst|7482:inst|25 ; out0             ;
; |METRIX|cell:inst37|FA:inst|7482:inst|17 ; |METRIX|cell:inst37|FA:inst|7482:inst|17 ; out0             ;
; |METRIX|cell:inst37|FA:inst|7482:inst|20 ; |METRIX|cell:inst37|FA:inst|7482:inst|20 ; out0             ;
; |METRIX|cell:inst44|inst1                ; |METRIX|cell:inst44|inst1                ; out0             ;
; |METRIX|cell:inst44|FA:inst|7482:inst|8  ; |METRIX|cell:inst44|FA:inst|7482:inst|8  ; out0             ;
; |METRIX|cell:inst44|FA:inst|7482:inst|3  ; |METRIX|cell:inst44|FA:inst|7482:inst|3  ; out0             ;
; |METRIX|cell:inst44|FA:inst|7482:inst|27 ; |METRIX|cell:inst44|FA:inst|7482:inst|27 ; out0             ;
; |METRIX|cell:inst44|FA:inst|7482:inst|25 ; |METRIX|cell:inst44|FA:inst|7482:inst|25 ; out0             ;
; |METRIX|cell:inst44|FA:inst|7482:inst|17 ; |METRIX|cell:inst44|FA:inst|7482:inst|17 ; out0             ;
; |METRIX|cell:inst44|FA:inst|7482:inst|20 ; |METRIX|cell:inst44|FA:inst|7482:inst|20 ; out0             ;
; |METRIX|cell:inst51|inst1                ; |METRIX|cell:inst51|inst1                ; out0             ;
; |METRIX|cell:inst51|FA:inst|7482:inst|8  ; |METRIX|cell:inst51|FA:inst|7482:inst|8  ; out0             ;
; |METRIX|cell:inst51|FA:inst|7482:inst|3  ; |METRIX|cell:inst51|FA:inst|7482:inst|3  ; out0             ;
; |METRIX|cell:inst51|FA:inst|7482:inst|27 ; |METRIX|cell:inst51|FA:inst|7482:inst|27 ; out0             ;
; |METRIX|cell:inst51|FA:inst|7482:inst|25 ; |METRIX|cell:inst51|FA:inst|7482:inst|25 ; out0             ;
; |METRIX|cell:inst51|FA:inst|7482:inst|17 ; |METRIX|cell:inst51|FA:inst|7482:inst|17 ; out0             ;
; |METRIX|cell:inst51|FA:inst|7482:inst|20 ; |METRIX|cell:inst51|FA:inst|7482:inst|20 ; out0             ;
; |METRIX|cell:inst58|inst1                ; |METRIX|cell:inst58|inst1                ; out0             ;
; |METRIX|cell:inst58|FA:inst|7482:inst|8  ; |METRIX|cell:inst58|FA:inst|7482:inst|8  ; out0             ;
; |METRIX|cell:inst58|FA:inst|7482:inst|3  ; |METRIX|cell:inst58|FA:inst|7482:inst|3  ; out0             ;
; |METRIX|cell:inst58|FA:inst|7482:inst|27 ; |METRIX|cell:inst58|FA:inst|7482:inst|27 ; out0             ;
; |METRIX|cell:inst58|FA:inst|7482:inst|25 ; |METRIX|cell:inst58|FA:inst|7482:inst|25 ; out0             ;
; |METRIX|cell:inst58|FA:inst|7482:inst|17 ; |METRIX|cell:inst58|FA:inst|7482:inst|17 ; out0             ;
; |METRIX|cell:inst58|FA:inst|7482:inst|20 ; |METRIX|cell:inst58|FA:inst|7482:inst|20 ; out0             ;
; |METRIX|cell:inst15|inst1                ; |METRIX|cell:inst15|inst1                ; out0             ;
; |METRIX|cell:inst15|FA:inst|7482:inst|8  ; |METRIX|cell:inst15|FA:inst|7482:inst|8  ; out0             ;
; |METRIX|cell:inst15|FA:inst|7482:inst|25 ; |METRIX|cell:inst15|FA:inst|7482:inst|25 ; out0             ;
; |METRIX|cell:inst15|FA:inst|7482:inst|17 ; |METRIX|cell:inst15|FA:inst|7482:inst|17 ; out0             ;
; |METRIX|cell:inst21|inst1                ; |METRIX|cell:inst21|inst1                ; out0             ;
; |METRIX|cell:inst21|FA:inst|7482:inst|8  ; |METRIX|cell:inst21|FA:inst|7482:inst|8  ; out0             ;
; |METRIX|cell:inst21|FA:inst|7482:inst|3  ; |METRIX|cell:inst21|FA:inst|7482:inst|3  ; out0             ;
; |METRIX|cell:inst21|FA:inst|7482:inst|27 ; |METRIX|cell:inst21|FA:inst|7482:inst|27 ; out0             ;
; |METRIX|cell:inst21|FA:inst|7482:inst|25 ; |METRIX|cell:inst21|FA:inst|7482:inst|25 ; out0             ;
; |METRIX|cell:inst21|FA:inst|7482:inst|17 ; |METRIX|cell:inst21|FA:inst|7482:inst|17 ; out0             ;
; |METRIX|cell:inst21|FA:inst|7482:inst|20 ; |METRIX|cell:inst21|FA:inst|7482:inst|20 ; out0             ;
; |METRIX|cell:inst28|inst1                ; |METRIX|cell:inst28|inst1                ; out0             ;
; |METRIX|cell:inst28|FA:inst|7482:inst|8  ; |METRIX|cell:inst28|FA:inst|7482:inst|8  ; out0             ;
; |METRIX|cell:inst28|FA:inst|7482:inst|3  ; |METRIX|cell:inst28|FA:inst|7482:inst|3  ; out0             ;
; |METRIX|cell:inst28|FA:inst|7482:inst|27 ; |METRIX|cell:inst28|FA:inst|7482:inst|27 ; out0             ;
; |METRIX|cell:inst28|FA:inst|7482:inst|25 ; |METRIX|cell:inst28|FA:inst|7482:inst|25 ; out0             ;
; |METRIX|cell:inst28|FA:inst|7482:inst|17 ; |METRIX|cell:inst28|FA:inst|7482:inst|17 ; out0             ;
; |METRIX|cell:inst28|FA:inst|7482:inst|20 ; |METRIX|cell:inst28|FA:inst|7482:inst|20 ; out0             ;
; |METRIX|cell:inst36|inst1                ; |METRIX|cell:inst36|inst1                ; out0             ;
; |METRIX|cell:inst36|FA:inst|7482:inst|8  ; |METRIX|cell:inst36|FA:inst|7482:inst|8  ; out0             ;
; |METRIX|cell:inst36|FA:inst|7482:inst|3  ; |METRIX|cell:inst36|FA:inst|7482:inst|3  ; out0             ;
; |METRIX|cell:inst36|FA:inst|7482:inst|27 ; |METRIX|cell:inst36|FA:inst|7482:inst|27 ; out0             ;
; |METRIX|cell:inst36|FA:inst|7482:inst|25 ; |METRIX|cell:inst36|FA:inst|7482:inst|25 ; out0             ;
; |METRIX|cell:inst36|FA:inst|7482:inst|17 ; |METRIX|cell:inst36|FA:inst|7482:inst|17 ; out0             ;
; |METRIX|cell:inst36|FA:inst|7482:inst|20 ; |METRIX|cell:inst36|FA:inst|7482:inst|20 ; out0             ;
; |METRIX|cell:inst43|inst1                ; |METRIX|cell:inst43|inst1                ; out0             ;
; |METRIX|cell:inst43|FA:inst|7482:inst|8  ; |METRIX|cell:inst43|FA:inst|7482:inst|8  ; out0             ;
; |METRIX|cell:inst43|FA:inst|7482:inst|3  ; |METRIX|cell:inst43|FA:inst|7482:inst|3  ; out0             ;
; |METRIX|cell:inst43|FA:inst|7482:inst|27 ; |METRIX|cell:inst43|FA:inst|7482:inst|27 ; out0             ;
; |METRIX|cell:inst43|FA:inst|7482:inst|25 ; |METRIX|cell:inst43|FA:inst|7482:inst|25 ; out0             ;
; |METRIX|cell:inst43|FA:inst|7482:inst|17 ; |METRIX|cell:inst43|FA:inst|7482:inst|17 ; out0             ;
; |METRIX|cell:inst43|FA:inst|7482:inst|20 ; |METRIX|cell:inst43|FA:inst|7482:inst|20 ; out0             ;
; |METRIX|cell:inst50|inst1                ; |METRIX|cell:inst50|inst1                ; out0             ;
; |METRIX|cell:inst50|FA:inst|7482:inst|8  ; |METRIX|cell:inst50|FA:inst|7482:inst|8  ; out0             ;
; |METRIX|cell:inst50|FA:inst|7482:inst|3  ; |METRIX|cell:inst50|FA:inst|7482:inst|3  ; out0             ;
; |METRIX|cell:inst50|FA:inst|7482:inst|27 ; |METRIX|cell:inst50|FA:inst|7482:inst|27 ; out0             ;
; |METRIX|cell:inst50|FA:inst|7482:inst|25 ; |METRIX|cell:inst50|FA:inst|7482:inst|25 ; out0             ;
; |METRIX|cell:inst50|FA:inst|7482:inst|17 ; |METRIX|cell:inst50|FA:inst|7482:inst|17 ; out0             ;
; |METRIX|cell:inst50|FA:inst|7482:inst|20 ; |METRIX|cell:inst50|FA:inst|7482:inst|20 ; out0             ;
; |METRIX|cell:inst57|inst1                ; |METRIX|cell:inst57|inst1                ; out0             ;
; |METRIX|cell:inst57|FA:inst|7482:inst|8  ; |METRIX|cell:inst57|FA:inst|7482:inst|8  ; out0             ;
; |METRIX|cell:inst57|FA:inst|7482:inst|3  ; |METRIX|cell:inst57|FA:inst|7482:inst|3  ; out0             ;
; |METRIX|cell:inst57|FA:inst|7482:inst|27 ; |METRIX|cell:inst57|FA:inst|7482:inst|27 ; out0             ;
; |METRIX|cell:inst57|FA:inst|7482:inst|25 ; |METRIX|cell:inst57|FA:inst|7482:inst|25 ; out0             ;
; |METRIX|cell:inst57|FA:inst|7482:inst|17 ; |METRIX|cell:inst57|FA:inst|7482:inst|17 ; out0             ;
; |METRIX|cell:inst57|FA:inst|7482:inst|20 ; |METRIX|cell:inst57|FA:inst|7482:inst|20 ; out0             ;
; |METRIX|cell:inst7|inst1                 ; |METRIX|cell:inst7|inst1                 ; out0             ;
; |METRIX|cell:inst14|inst1                ; |METRIX|cell:inst14|inst1                ; out0             ;
; |METRIX|cell:inst14|FA:inst|7482:inst|8  ; |METRIX|cell:inst14|FA:inst|7482:inst|8  ; out0             ;
; |METRIX|cell:inst14|FA:inst|7482:inst|3  ; |METRIX|cell:inst14|FA:inst|7482:inst|3  ; out0             ;
; |METRIX|cell:inst14|FA:inst|7482:inst|27 ; |METRIX|cell:inst14|FA:inst|7482:inst|27 ; out0             ;
; |METRIX|cell:inst14|FA:inst|7482:inst|25 ; |METRIX|cell:inst14|FA:inst|7482:inst|25 ; out0             ;
; |METRIX|cell:inst14|FA:inst|7482:inst|17 ; |METRIX|cell:inst14|FA:inst|7482:inst|17 ; out0             ;
; |METRIX|cell:inst14|FA:inst|7482:inst|20 ; |METRIX|cell:inst14|FA:inst|7482:inst|20 ; out0             ;
; |METRIX|cell:inst20|inst1                ; |METRIX|cell:inst20|inst1                ; out0             ;
; |METRIX|cell:inst20|FA:inst|7482:inst|8  ; |METRIX|cell:inst20|FA:inst|7482:inst|8  ; out0             ;
; |METRIX|cell:inst20|FA:inst|7482:inst|3  ; |METRIX|cell:inst20|FA:inst|7482:inst|3  ; out0             ;
; |METRIX|cell:inst20|FA:inst|7482:inst|27 ; |METRIX|cell:inst20|FA:inst|7482:inst|27 ; out0             ;
; |METRIX|cell:inst20|FA:inst|7482:inst|25 ; |METRIX|cell:inst20|FA:inst|7482:inst|25 ; out0             ;
; |METRIX|cell:inst20|FA:inst|7482:inst|17 ; |METRIX|cell:inst20|FA:inst|7482:inst|17 ; out0             ;
; |METRIX|cell:inst20|FA:inst|7482:inst|20 ; |METRIX|cell:inst20|FA:inst|7482:inst|20 ; out0             ;
; |METRIX|cell:inst27|inst1                ; |METRIX|cell:inst27|inst1                ; out0             ;
; |METRIX|cell:inst27|FA:inst|7482:inst|8  ; |METRIX|cell:inst27|FA:inst|7482:inst|8  ; out0             ;
; |METRIX|cell:inst27|FA:inst|7482:inst|3  ; |METRIX|cell:inst27|FA:inst|7482:inst|3  ; out0             ;
; |METRIX|cell:inst27|FA:inst|7482:inst|27 ; |METRIX|cell:inst27|FA:inst|7482:inst|27 ; out0             ;
; |METRIX|cell:inst27|FA:inst|7482:inst|25 ; |METRIX|cell:inst27|FA:inst|7482:inst|25 ; out0             ;
; |METRIX|cell:inst27|FA:inst|7482:inst|17 ; |METRIX|cell:inst27|FA:inst|7482:inst|17 ; out0             ;
; |METRIX|cell:inst27|FA:inst|7482:inst|20 ; |METRIX|cell:inst27|FA:inst|7482:inst|20 ; out0             ;
; |METRIX|cell:inst35|inst1                ; |METRIX|cell:inst35|inst1                ; out0             ;
; |METRIX|cell:inst35|FA:inst|7482:inst|8  ; |METRIX|cell:inst35|FA:inst|7482:inst|8  ; out0             ;
; |METRIX|cell:inst35|FA:inst|7482:inst|3  ; |METRIX|cell:inst35|FA:inst|7482:inst|3  ; out0             ;
; |METRIX|cell:inst35|FA:inst|7482:inst|27 ; |METRIX|cell:inst35|FA:inst|7482:inst|27 ; out0             ;
; |METRIX|cell:inst35|FA:inst|7482:inst|25 ; |METRIX|cell:inst35|FA:inst|7482:inst|25 ; out0             ;
; |METRIX|cell:inst35|FA:inst|7482:inst|17 ; |METRIX|cell:inst35|FA:inst|7482:inst|17 ; out0             ;
; |METRIX|cell:inst35|FA:inst|7482:inst|20 ; |METRIX|cell:inst35|FA:inst|7482:inst|20 ; out0             ;
; |METRIX|cell:inst42|inst1                ; |METRIX|cell:inst42|inst1                ; out0             ;
; |METRIX|cell:inst42|FA:inst|7482:inst|8  ; |METRIX|cell:inst42|FA:inst|7482:inst|8  ; out0             ;
; |METRIX|cell:inst42|FA:inst|7482:inst|3  ; |METRIX|cell:inst42|FA:inst|7482:inst|3  ; out0             ;
; |METRIX|cell:inst42|FA:inst|7482:inst|27 ; |METRIX|cell:inst42|FA:inst|7482:inst|27 ; out0             ;
; |METRIX|cell:inst42|FA:inst|7482:inst|25 ; |METRIX|cell:inst42|FA:inst|7482:inst|25 ; out0             ;
; |METRIX|cell:inst42|FA:inst|7482:inst|17 ; |METRIX|cell:inst42|FA:inst|7482:inst|17 ; out0             ;
; |METRIX|cell:inst42|FA:inst|7482:inst|20 ; |METRIX|cell:inst42|FA:inst|7482:inst|20 ; out0             ;
; |METRIX|cell:inst49|inst1                ; |METRIX|cell:inst49|inst1                ; out0             ;
; |METRIX|cell:inst49|FA:inst|7482:inst|8  ; |METRIX|cell:inst49|FA:inst|7482:inst|8  ; out0             ;
; |METRIX|cell:inst49|FA:inst|7482:inst|3  ; |METRIX|cell:inst49|FA:inst|7482:inst|3  ; out0             ;
; |METRIX|cell:inst49|FA:inst|7482:inst|27 ; |METRIX|cell:inst49|FA:inst|7482:inst|27 ; out0             ;
; |METRIX|cell:inst49|FA:inst|7482:inst|25 ; |METRIX|cell:inst49|FA:inst|7482:inst|25 ; out0             ;
; |METRIX|cell:inst49|FA:inst|7482:inst|17 ; |METRIX|cell:inst49|FA:inst|7482:inst|17 ; out0             ;
; |METRIX|cell:inst49|FA:inst|7482:inst|20 ; |METRIX|cell:inst49|FA:inst|7482:inst|20 ; out0             ;
; |METRIX|cell:inst56|inst1                ; |METRIX|cell:inst56|inst1                ; out0             ;
; |METRIX|cell:inst56|FA:inst|7482:inst|3  ; |METRIX|cell:inst56|FA:inst|7482:inst|3  ; out0             ;
; |METRIX|cell:inst56|FA:inst|7482:inst|20 ; |METRIX|cell:inst56|FA:inst|7482:inst|20 ; out0             ;
; |METRIX|cell:inst6|inst1                 ; |METRIX|cell:inst6|inst1                 ; out0             ;
; |METRIX|cell:inst13|inst1                ; |METRIX|cell:inst13|inst1                ; out0             ;
; |METRIX|cell:inst13|FA:inst|7482:inst|8  ; |METRIX|cell:inst13|FA:inst|7482:inst|8  ; out0             ;
; |METRIX|cell:inst13|FA:inst|7482:inst|3  ; |METRIX|cell:inst13|FA:inst|7482:inst|3  ; out0             ;
; |METRIX|cell:inst13|FA:inst|7482:inst|27 ; |METRIX|cell:inst13|FA:inst|7482:inst|27 ; out0             ;
; |METRIX|cell:inst13|FA:inst|7482:inst|25 ; |METRIX|cell:inst13|FA:inst|7482:inst|25 ; out0             ;
; |METRIX|cell:inst13|FA:inst|7482:inst|17 ; |METRIX|cell:inst13|FA:inst|7482:inst|17 ; out0             ;
; |METRIX|cell:inst13|FA:inst|7482:inst|20 ; |METRIX|cell:inst13|FA:inst|7482:inst|20 ; out0             ;
; |METRIX|cell:inst19|inst1                ; |METRIX|cell:inst19|inst1                ; out0             ;
; |METRIX|cell:inst19|FA:inst|7482:inst|8  ; |METRIX|cell:inst19|FA:inst|7482:inst|8  ; out0             ;
; |METRIX|cell:inst19|FA:inst|7482:inst|3  ; |METRIX|cell:inst19|FA:inst|7482:inst|3  ; out0             ;
; |METRIX|cell:inst19|FA:inst|7482:inst|27 ; |METRIX|cell:inst19|FA:inst|7482:inst|27 ; out0             ;
; |METRIX|cell:inst19|FA:inst|7482:inst|25 ; |METRIX|cell:inst19|FA:inst|7482:inst|25 ; out0             ;
; |METRIX|cell:inst19|FA:inst|7482:inst|17 ; |METRIX|cell:inst19|FA:inst|7482:inst|17 ; out0             ;
; |METRIX|cell:inst19|FA:inst|7482:inst|20 ; |METRIX|cell:inst19|FA:inst|7482:inst|20 ; out0             ;
; |METRIX|cell:inst26|inst1                ; |METRIX|cell:inst26|inst1                ; out0             ;
; |METRIX|cell:inst26|FA:inst|7482:inst|8  ; |METRIX|cell:inst26|FA:inst|7482:inst|8  ; out0             ;
; |METRIX|cell:inst26|FA:inst|7482:inst|3  ; |METRIX|cell:inst26|FA:inst|7482:inst|3  ; out0             ;
; |METRIX|cell:inst26|FA:inst|7482:inst|27 ; |METRIX|cell:inst26|FA:inst|7482:inst|27 ; out0             ;
; |METRIX|cell:inst26|FA:inst|7482:inst|25 ; |METRIX|cell:inst26|FA:inst|7482:inst|25 ; out0             ;
; |METRIX|cell:inst26|FA:inst|7482:inst|17 ; |METRIX|cell:inst26|FA:inst|7482:inst|17 ; out0             ;
; |METRIX|cell:inst26|FA:inst|7482:inst|20 ; |METRIX|cell:inst26|FA:inst|7482:inst|20 ; out0             ;
; |METRIX|cell:inst32|inst1                ; |METRIX|cell:inst32|inst1                ; out0             ;
; |METRIX|cell:inst32|FA:inst|7482:inst|8  ; |METRIX|cell:inst32|FA:inst|7482:inst|8  ; out0             ;
; |METRIX|cell:inst32|FA:inst|7482:inst|3  ; |METRIX|cell:inst32|FA:inst|7482:inst|3  ; out0             ;
; |METRIX|cell:inst32|FA:inst|7482:inst|27 ; |METRIX|cell:inst32|FA:inst|7482:inst|27 ; out0             ;
; |METRIX|cell:inst32|FA:inst|7482:inst|25 ; |METRIX|cell:inst32|FA:inst|7482:inst|25 ; out0             ;
; |METRIX|cell:inst32|FA:inst|7482:inst|17 ; |METRIX|cell:inst32|FA:inst|7482:inst|17 ; out0             ;
; |METRIX|cell:inst32|FA:inst|7482:inst|20 ; |METRIX|cell:inst32|FA:inst|7482:inst|20 ; out0             ;
; |METRIX|cell:inst41|inst1                ; |METRIX|cell:inst41|inst1                ; out0             ;
; |METRIX|cell:inst41|FA:inst|7482:inst|8  ; |METRIX|cell:inst41|FA:inst|7482:inst|8  ; out0             ;
; |METRIX|cell:inst41|FA:inst|7482:inst|3  ; |METRIX|cell:inst41|FA:inst|7482:inst|3  ; out0             ;
; |METRIX|cell:inst41|FA:inst|7482:inst|27 ; |METRIX|cell:inst41|FA:inst|7482:inst|27 ; out0             ;
; |METRIX|cell:inst41|FA:inst|7482:inst|25 ; |METRIX|cell:inst41|FA:inst|7482:inst|25 ; out0             ;
; |METRIX|cell:inst41|FA:inst|7482:inst|17 ; |METRIX|cell:inst41|FA:inst|7482:inst|17 ; out0             ;
; |METRIX|cell:inst41|FA:inst|7482:inst|20 ; |METRIX|cell:inst41|FA:inst|7482:inst|20 ; out0             ;
; |METRIX|cell:inst48|inst1                ; |METRIX|cell:inst48|inst1                ; out0             ;
; |METRIX|cell:inst48|FA:inst|7482:inst|3  ; |METRIX|cell:inst48|FA:inst|7482:inst|3  ; out0             ;
; |METRIX|cell:inst48|FA:inst|7482:inst|20 ; |METRIX|cell:inst48|FA:inst|7482:inst|20 ; out0             ;
; |METRIX|cell:inst5|inst1                 ; |METRIX|cell:inst5|inst1                 ; out0             ;
; |METRIX|cell:inst12|inst1                ; |METRIX|cell:inst12|inst1                ; out0             ;
; |METRIX|cell:inst12|FA:inst|7482:inst|8  ; |METRIX|cell:inst12|FA:inst|7482:inst|8  ; out0             ;
; |METRIX|cell:inst12|FA:inst|7482:inst|3  ; |METRIX|cell:inst12|FA:inst|7482:inst|3  ; out0             ;
; |METRIX|cell:inst12|FA:inst|7482:inst|27 ; |METRIX|cell:inst12|FA:inst|7482:inst|27 ; out0             ;
; |METRIX|cell:inst12|FA:inst|7482:inst|25 ; |METRIX|cell:inst12|FA:inst|7482:inst|25 ; out0             ;
; |METRIX|cell:inst12|FA:inst|7482:inst|17 ; |METRIX|cell:inst12|FA:inst|7482:inst|17 ; out0             ;
; |METRIX|cell:inst12|FA:inst|7482:inst|20 ; |METRIX|cell:inst12|FA:inst|7482:inst|20 ; out0             ;
; |METRIX|cell:inst18|inst1                ; |METRIX|cell:inst18|inst1                ; out0             ;
; |METRIX|cell:inst18|FA:inst|7482:inst|8  ; |METRIX|cell:inst18|FA:inst|7482:inst|8  ; out0             ;
; |METRIX|cell:inst18|FA:inst|7482:inst|3  ; |METRIX|cell:inst18|FA:inst|7482:inst|3  ; out0             ;
; |METRIX|cell:inst18|FA:inst|7482:inst|27 ; |METRIX|cell:inst18|FA:inst|7482:inst|27 ; out0             ;
; |METRIX|cell:inst18|FA:inst|7482:inst|25 ; |METRIX|cell:inst18|FA:inst|7482:inst|25 ; out0             ;
; |METRIX|cell:inst18|FA:inst|7482:inst|17 ; |METRIX|cell:inst18|FA:inst|7482:inst|17 ; out0             ;
; |METRIX|cell:inst18|FA:inst|7482:inst|20 ; |METRIX|cell:inst18|FA:inst|7482:inst|20 ; out0             ;
; |METRIX|cell:inst25|inst1                ; |METRIX|cell:inst25|inst1                ; out0             ;
; |METRIX|cell:inst25|FA:inst|7482:inst|8  ; |METRIX|cell:inst25|FA:inst|7482:inst|8  ; out0             ;
; |METRIX|cell:inst25|FA:inst|7482:inst|3  ; |METRIX|cell:inst25|FA:inst|7482:inst|3  ; out0             ;
; |METRIX|cell:inst25|FA:inst|7482:inst|27 ; |METRIX|cell:inst25|FA:inst|7482:inst|27 ; out0             ;
; |METRIX|cell:inst25|FA:inst|7482:inst|25 ; |METRIX|cell:inst25|FA:inst|7482:inst|25 ; out0             ;
; |METRIX|cell:inst25|FA:inst|7482:inst|17 ; |METRIX|cell:inst25|FA:inst|7482:inst|17 ; out0             ;
; |METRIX|cell:inst25|FA:inst|7482:inst|20 ; |METRIX|cell:inst25|FA:inst|7482:inst|20 ; out0             ;
; |METRIX|cell:inst31|inst1                ; |METRIX|cell:inst31|inst1                ; out0             ;
; |METRIX|cell:inst31|FA:inst|7482:inst|8  ; |METRIX|cell:inst31|FA:inst|7482:inst|8  ; out0             ;
; |METRIX|cell:inst31|FA:inst|7482:inst|3  ; |METRIX|cell:inst31|FA:inst|7482:inst|3  ; out0             ;
; |METRIX|cell:inst31|FA:inst|7482:inst|27 ; |METRIX|cell:inst31|FA:inst|7482:inst|27 ; out0             ;
; |METRIX|cell:inst31|FA:inst|7482:inst|25 ; |METRIX|cell:inst31|FA:inst|7482:inst|25 ; out0             ;
; |METRIX|cell:inst31|FA:inst|7482:inst|17 ; |METRIX|cell:inst31|FA:inst|7482:inst|17 ; out0             ;
; |METRIX|cell:inst31|FA:inst|7482:inst|20 ; |METRIX|cell:inst31|FA:inst|7482:inst|20 ; out0             ;
; |METRIX|cell:inst40|inst1                ; |METRIX|cell:inst40|inst1                ; out0             ;
; |METRIX|cell:inst40|FA:inst|7482:inst|3  ; |METRIX|cell:inst40|FA:inst|7482:inst|3  ; out0             ;
; |METRIX|cell:inst40|FA:inst|7482:inst|20 ; |METRIX|cell:inst40|FA:inst|7482:inst|20 ; out0             ;
; |METRIX|cell:inst4|inst1                 ; |METRIX|cell:inst4|inst1                 ; out0             ;
; |METRIX|cell:inst11|inst1                ; |METRIX|cell:inst11|inst1                ; out0             ;
; |METRIX|cell:inst11|FA:inst|7482:inst|8  ; |METRIX|cell:inst11|FA:inst|7482:inst|8  ; out0             ;
; |METRIX|cell:inst11|FA:inst|7482:inst|3  ; |METRIX|cell:inst11|FA:inst|7482:inst|3  ; out0             ;
; |METRIX|cell:inst11|FA:inst|7482:inst|27 ; |METRIX|cell:inst11|FA:inst|7482:inst|27 ; out0             ;
; |METRIX|cell:inst11|FA:inst|7482:inst|25 ; |METRIX|cell:inst11|FA:inst|7482:inst|25 ; out0             ;
; |METRIX|cell:inst11|FA:inst|7482:inst|17 ; |METRIX|cell:inst11|FA:inst|7482:inst|17 ; out0             ;
; |METRIX|cell:inst11|FA:inst|7482:inst|20 ; |METRIX|cell:inst11|FA:inst|7482:inst|20 ; out0             ;
; |METRIX|cell:inst17|inst1                ; |METRIX|cell:inst17|inst1                ; out0             ;
; |METRIX|cell:inst17|FA:inst|7482:inst|8  ; |METRIX|cell:inst17|FA:inst|7482:inst|8  ; out0             ;
; |METRIX|cell:inst17|FA:inst|7482:inst|3  ; |METRIX|cell:inst17|FA:inst|7482:inst|3  ; out0             ;
; |METRIX|cell:inst17|FA:inst|7482:inst|27 ; |METRIX|cell:inst17|FA:inst|7482:inst|27 ; out0             ;
; |METRIX|cell:inst17|FA:inst|7482:inst|25 ; |METRIX|cell:inst17|FA:inst|7482:inst|25 ; out0             ;
; |METRIX|cell:inst17|FA:inst|7482:inst|17 ; |METRIX|cell:inst17|FA:inst|7482:inst|17 ; out0             ;
; |METRIX|cell:inst17|FA:inst|7482:inst|20 ; |METRIX|cell:inst17|FA:inst|7482:inst|20 ; out0             ;
; |METRIX|cell:inst24|inst1                ; |METRIX|cell:inst24|inst1                ; out0             ;
; |METRIX|cell:inst24|FA:inst|7482:inst|8  ; |METRIX|cell:inst24|FA:inst|7482:inst|8  ; out0             ;
; |METRIX|cell:inst24|FA:inst|7482:inst|3  ; |METRIX|cell:inst24|FA:inst|7482:inst|3  ; out0             ;
; |METRIX|cell:inst24|FA:inst|7482:inst|27 ; |METRIX|cell:inst24|FA:inst|7482:inst|27 ; out0             ;
; |METRIX|cell:inst24|FA:inst|7482:inst|25 ; |METRIX|cell:inst24|FA:inst|7482:inst|25 ; out0             ;
; |METRIX|cell:inst24|FA:inst|7482:inst|17 ; |METRIX|cell:inst24|FA:inst|7482:inst|17 ; out0             ;
; |METRIX|cell:inst24|FA:inst|7482:inst|20 ; |METRIX|cell:inst24|FA:inst|7482:inst|20 ; out0             ;
; |METRIX|cell:inst34|inst1                ; |METRIX|cell:inst34|inst1                ; out0             ;
; |METRIX|cell:inst34|FA:inst|7482:inst|3  ; |METRIX|cell:inst34|FA:inst|7482:inst|3  ; out0             ;
; |METRIX|cell:inst34|FA:inst|7482:inst|20 ; |METRIX|cell:inst34|FA:inst|7482:inst|20 ; out0             ;
; |METRIX|cell:inst3|inst1                 ; |METRIX|cell:inst3|inst1                 ; out0             ;
; |METRIX|cell:inst10|inst1                ; |METRIX|cell:inst10|inst1                ; out0             ;
; |METRIX|cell:inst10|FA:inst|7482:inst|8  ; |METRIX|cell:inst10|FA:inst|7482:inst|8  ; out0             ;
; |METRIX|cell:inst10|FA:inst|7482:inst|3  ; |METRIX|cell:inst10|FA:inst|7482:inst|3  ; out0             ;
; |METRIX|cell:inst10|FA:inst|7482:inst|27 ; |METRIX|cell:inst10|FA:inst|7482:inst|27 ; out0             ;
; |METRIX|cell:inst10|FA:inst|7482:inst|25 ; |METRIX|cell:inst10|FA:inst|7482:inst|25 ; out0             ;
; |METRIX|cell:inst10|FA:inst|7482:inst|17 ; |METRIX|cell:inst10|FA:inst|7482:inst|17 ; out0             ;
; |METRIX|cell:inst10|FA:inst|7482:inst|20 ; |METRIX|cell:inst10|FA:inst|7482:inst|20 ; out0             ;
; |METRIX|cell:inst16|inst1                ; |METRIX|cell:inst16|inst1                ; out0             ;
; |METRIX|cell:inst16|FA:inst|7482:inst|8  ; |METRIX|cell:inst16|FA:inst|7482:inst|8  ; out0             ;
; |METRIX|cell:inst16|FA:inst|7482:inst|3  ; |METRIX|cell:inst16|FA:inst|7482:inst|3  ; out0             ;
; |METRIX|cell:inst16|FA:inst|7482:inst|27 ; |METRIX|cell:inst16|FA:inst|7482:inst|27 ; out0             ;
; |METRIX|cell:inst16|FA:inst|7482:inst|25 ; |METRIX|cell:inst16|FA:inst|7482:inst|25 ; out0             ;
; |METRIX|cell:inst16|FA:inst|7482:inst|17 ; |METRIX|cell:inst16|FA:inst|7482:inst|17 ; out0             ;
; |METRIX|cell:inst16|FA:inst|7482:inst|20 ; |METRIX|cell:inst16|FA:inst|7482:inst|20 ; out0             ;
; |METRIX|cell:inst23|inst1                ; |METRIX|cell:inst23|inst1                ; out0             ;
; |METRIX|cell:inst23|FA:inst|7482:inst|3  ; |METRIX|cell:inst23|FA:inst|7482:inst|3  ; out0             ;
; |METRIX|cell:inst23|FA:inst|7482:inst|20 ; |METRIX|cell:inst23|FA:inst|7482:inst|20 ; out0             ;
; |METRIX|cell:inst2|inst1                 ; |METRIX|cell:inst2|inst1                 ; out0             ;
; |METRIX|cell:inst8|inst1                 ; |METRIX|cell:inst8|inst1                 ; out0             ;
; |METRIX|cell:inst8|FA:inst|7482:inst|8   ; |METRIX|cell:inst8|FA:inst|7482:inst|8   ; out0             ;
; |METRIX|cell:inst8|FA:inst|7482:inst|3   ; |METRIX|cell:inst8|FA:inst|7482:inst|3   ; out0             ;
; |METRIX|cell:inst8|FA:inst|7482:inst|27  ; |METRIX|cell:inst8|FA:inst|7482:inst|27  ; out0             ;
; |METRIX|cell:inst8|FA:inst|7482:inst|25  ; |METRIX|cell:inst8|FA:inst|7482:inst|25  ; out0             ;
; |METRIX|cell:inst8|FA:inst|7482:inst|17  ; |METRIX|cell:inst8|FA:inst|7482:inst|17  ; out0             ;
; |METRIX|cell:inst8|FA:inst|7482:inst|20  ; |METRIX|cell:inst8|FA:inst|7482:inst|20  ; out0             ;
; |METRIX|cell:inst33|inst1                ; |METRIX|cell:inst33|inst1                ; out0             ;
; |METRIX|cell:inst33|FA:inst|7482:inst|3  ; |METRIX|cell:inst33|FA:inst|7482:inst|3  ; out0             ;
; |METRIX|cell:inst33|FA:inst|7482:inst|20 ; |METRIX|cell:inst33|FA:inst|7482:inst|20 ; out0             ;
; |METRIX|cell:inst1|inst1                 ; |METRIX|cell:inst1|inst1                 ; out0             ;
; |METRIX|cell:inst9|inst1                 ; |METRIX|cell:inst9|inst1                 ; out0             ;
; |METRIX|cell:inst9|FA:inst|7482:inst|3   ; |METRIX|cell:inst9|FA:inst|7482:inst|3   ; out0             ;
; |METRIX|cell:inst9|FA:inst|7482:inst|20  ; |METRIX|cell:inst9|FA:inst|7482:inst|20  ; out0             ;
; |METRIX|cell:inst|inst1                  ; |METRIX|cell:inst|inst1                  ; out0             ;
+------------------------------------------+------------------------------------------+------------------+


+---------------------+
; Simulator INI Usage ;
+--------+------------+
; Option ; Usage      ;
+--------+------------+


+--------------------+
; Simulator Messages ;
+--------------------+
Info: *******************************************************************
Info: Running Quartus II 64-Bit Simulator
    Info: Version 13.0.1 Build 232 06/12/2013 Service Pack 1 SJ Full Version
    Info: Processing started: Mon Nov 11 19:59:03 2024
Info: Command: quartus_sim --simulation_results_format=VWF METRIX -c METRIX_qsim
Info (324025): Using vector source file "D:/altera/13.0sp1/test3/METRIX/Waveform.vwf"
Info (310003): Option to preserve fewer signal transitions to reduce memory requirements is enabled
    Info (310004): Simulation has been partitioned into sub-simulations according to the maximum transition count determined by the engine. Transitions from memory will be flushed out to disk at the end of each sub-simulation to reduce memory requirements.
Info (310002): Simulation partitioned into 1 sub-simulations
Info (328053): Simulation coverage is       0.00 %
Info (328052): Number of transitions in simulation is 0
Info (324045): Vector file METRIX_qsim.sim.vwf is saved in VWF text format. You can compress it into CVWF format in order to reduce file size. For more details please refer to the Quartus II Help.
Info: Quartus II 64-Bit Simulator was successful. 0 errors, 0 warnings
    Info: Peak virtual memory: 318 megabytes
    Info: Processing ended: Mon Nov 11 19:59:04 2024
    Info: Elapsed time: 00:00:01
    Info: Total CPU time (on all processors): 00:00:00


